Archive member included because of file (symbol)

C:\Users\Seba\Desktop\inz\stm32f429i-disco_stdperiph_lib\Debug\libstm32f429i-disco_stdperiph_lib.a(misc.o)
                              src/main.o (NVIC_Init)
C:\Users\Seba\Desktop\inz\stm32f429i-disco_stdperiph_lib\Debug\libstm32f429i-disco_stdperiph_lib.a(stm32f4xx_flash.o)
                              src/main.o (FLASH_SetLatency)
C:\Users\Seba\Desktop\inz\stm32f429i-disco_stdperiph_lib\Debug\libstm32f429i-disco_stdperiph_lib.a(stm32f4xx_gpio.o)
                              src/main.o (GPIO_Init)
C:\Users\Seba\Desktop\inz\stm32f429i-disco_stdperiph_lib\Debug\libstm32f429i-disco_stdperiph_lib.a(stm32f4xx_i2c.o)
                              src/tm_stm32f4_i2c.o (I2C_Init)
C:\Users\Seba\Desktop\inz\stm32f429i-disco_stdperiph_lib\Debug\libstm32f429i-disco_stdperiph_lib.a(stm32f4xx_rcc.o)
                              src/main.o (RCC_DeInit)
C:\Users\Seba\Desktop\inz\stm32f429i-disco_stdperiph_lib\Debug\libstm32f429i-disco_stdperiph_lib.a(stm32f4xx_tim.o)
                              src/main.o (TIM_TimeBaseInit)
C:\Users\Seba\Desktop\inz\stm32f429i-disco_stdperiph_lib\Debug\libstm32f429i-disco_stdperiph_lib.a(tm_stm32f4_delay.o)
                              src/main.o (TM_Time)
C:\Users\Seba\Desktop\inz\stm32f429i-disco_stdperiph_lib\Debug\libstm32f429i-disco_stdperiph_lib.a(tm_stm32f4_dma2d_graphic.o)
                              src/main.o (TM_DMA2DGRAPHIC_DrawHorizontalLine)
C:\Users\Seba\Desktop\inz\stm32f429i-disco_stdperiph_lib\Debug\libstm32f429i-disco_stdperiph_lib.a(tm_stm32f4_fonts.o)
                              src/main.o (TM_Font_7x10)
C:\Users\Seba\Desktop\inz\stm32f429i-disco_stdperiph_lib\Debug\libstm32f429i-disco_stdperiph_lib.a(tm_stm32f4_gpio.o)
                              src/tm_stm32f4_i2c.o (TM_GPIO_InitAlternate)
C:\Users\Seba\Desktop\inz\stm32f429i-disco_stdperiph_lib\Debug\libstm32f429i-disco_stdperiph_lib.a(tm_stm32f4_ili9341_ltdc.o)
                              src/main.o (TM_ILI9341_Init)
C:\Users\Seba\Desktop\inz\stm32f429i-disco_stdperiph_lib\Debug\libstm32f429i-disco_stdperiph_lib.a(tm_stm32f4_sdram.o)
                              C:\Users\Seba\Desktop\inz\stm32f429i-disco_stdperiph_lib\Debug\libstm32f429i-disco_stdperiph_lib.a(tm_stm32f4_ili9341_ltdc.o) (TM_SDRAM_Init)
C:\Users\Seba\Desktop\inz\stm32f429i-disco_stdperiph_lib\Debug\libstm32f429i-disco_stdperiph_lib.a(tm_stm32f4_spi.o)
                              C:\Users\Seba\Desktop\inz\stm32f429i-disco_stdperiph_lib\Debug\libstm32f429i-disco_stdperiph_lib.a(tm_stm32f4_ili9341_ltdc.o) (TM_SPI_Init)
C:\Users\Seba\Desktop\inz\stm32f429i-disco_stdperiph_lib\Debug\libstm32f429i-disco_stdperiph_lib.a(tm_stm32f4_timer_properties.o)
                              C:\Users\Seba\Desktop\inz\stm32f429i-disco_stdperiph_lib\Debug\libstm32f429i-disco_stdperiph_lib.a(tm_stm32f4_delay.o) (TM_TIMER_PROPERTIES_GetTimerProperties)
C:\Users\Seba\Desktop\inz\stm32f429i-disco_stdperiph_lib\Debug\libstm32f429i-disco_stdperiph_lib.a(stm32f4xx_dma2d.o)
                              C:\Users\Seba\Desktop\inz\stm32f429i-disco_stdperiph_lib\Debug\libstm32f429i-disco_stdperiph_lib.a(tm_stm32f4_dma2d_graphic.o) (DMA2D_Init)
C:\Users\Seba\Desktop\inz\stm32f429i-disco_stdperiph_lib\Debug\libstm32f429i-disco_stdperiph_lib.a(stm32f4xx_fmc.o)
                              C:\Users\Seba\Desktop\inz\stm32f429i-disco_stdperiph_lib\Debug\libstm32f429i-disco_stdperiph_lib.a(tm_stm32f4_sdram.o) (FMC_SDRAMInit)
C:\Users\Seba\Desktop\inz\stm32f429i-disco_stdperiph_lib\Debug\libstm32f429i-disco_stdperiph_lib.a(stm32f4xx_ltdc.o)
                              C:\Users\Seba\Desktop\inz\stm32f429i-disco_stdperiph_lib\Debug\libstm32f429i-disco_stdperiph_lib.a(tm_stm32f4_ili9341_ltdc.o) (LTDC_Init)
C:\Users\Seba\Desktop\inz\stm32f429i-disco_stdperiph_lib\Debug\libstm32f429i-disco_stdperiph_lib.a(stm32f4xx_spi.o)
                              C:\Users\Seba\Desktop\inz\stm32f429i-disco_stdperiph_lib\Debug\libstm32f429i-disco_stdperiph_lib.a(tm_stm32f4_spi.o) (SPI_Init)
c:/ac6/systemworkbench/plugins/fr.ac6.mcu.externaltools.arm-none.win32_1.3.0.201507241045/tools/compiler/bin/../lib/gcc/arm-none-eabi/4.9.3/armv7e-m/fpu\libgcc.a(_arm_addsubdf3.o)
                              C:\Users\Seba\Desktop\inz\stm32f429i-disco_stdperiph_lib\Debug\libstm32f429i-disco_stdperiph_lib.a(tm_stm32f4_timer_properties.o) (__aeabi_ui2d)
c:/ac6/systemworkbench/plugins/fr.ac6.mcu.externaltools.arm-none.win32_1.3.0.201507241045/tools/compiler/bin/../lib/gcc/arm-none-eabi/4.9.3/armv7e-m/fpu\libgcc.a(_arm_muldivdf3.o)
                              C:\Users\Seba\Desktop\inz\stm32f429i-disco_stdperiph_lib\Debug\libstm32f429i-disco_stdperiph_lib.a(tm_stm32f4_timer_properties.o) (__aeabi_ddiv)
c:/ac6/systemworkbench/plugins/fr.ac6.mcu.externaltools.arm-none.win32_1.3.0.201507241045/tools/compiler/bin/../lib/gcc/arm-none-eabi/4.9.3/armv7e-m/fpu\libgcc.a(_arm_cmpdf2.o)
[...]
Memory Configuration

Name             Origin             Length             Attributes
FLASH            0x08000000         0x00200000         xr
RAM              0x20000000         0x00030000         xrw
CCMRAM           0x10000000         0x00010000         rw
*default*        0x00000000         0xffffffff

Linker script and memory map

LOAD c:/ac6/systemworkbench/plugins/fr.ac6.mcu.externaltools.arm-none.win32_1.3.0.201507241045/tools/compiler/bin/../lib/gcc/arm-none-eabi/4.9.3/armv7e-m/fpu/crti.o
LOAD c:/ac6/systemworkbench/plugins/fr.ac6.mcu.externaltools.arm-none.win32_1.3.0.201507241045/tools/compiler/bin/../lib/gcc/arm-none-eabi/4.9.3/armv7e-m/fpu/crtbegin.o
LOAD c:/ac6/systemworkbench/plugins/fr.ac6.mcu.externaltools.arm-none.win32_1.3.0.201507241045/tools/compiler/bin/../lib/gcc/arm-none-eabi/4.9.3/../../../../arm-none-eabi/lib/armv7e-m/fpu/crt0.o
LOAD c:/ac6/systemworkbench/plugins/fr.ac6.mcu.externaltools.arm-none.win32_1.3.0.201507241045/tools/compiler/bin/../lib/gcc/arm-none-eabi/4.9.3/../../../../arm-none-eabi/lib/armv7e-m/fpu\libm.a
LOAD startup/startup_stm32f429_439xx.o
LOAD src/main.o
LOAD src/syscalls.o
LOAD src/system_stm32f4xx.o
LOAD src/tm_stm32f4_i2c.o
LOAD src/tm_stm32f4_stmpe811.o
LOAD C:\Users\Seba\Desktop\inz\stm32f429i-disco_stdperiph_lib\Debug\libstm32f429i-disco_stdperiph_lib.a
START GROUP
LOAD c:/ac6/systemworkbench/plugins/fr.ac6.mcu.externaltools.arm-none.win32_1.3.0.201507241045/tools/compiler/bin/../lib/gcc/arm-none-eabi/4.9.3/armv7e-m/fpu\libgcc.a
LOAD c:/ac6/systemworkbench/plugins/fr.ac6.mcu.externaltools.arm-none.win32_1.3.0.201507241045/tools/compiler/bin/../lib/gcc/arm-none-eabi/4.9.3/../../../../arm-none-eabi/lib/armv7e-m/fpu\libc.a
END GROUP
LOAD c:/ac6/systemworkbench/plugins/fr.ac6.mcu.externaltools.arm-none.win32_1.3.0.201507241045/tools/compiler/bin/../lib/gcc/arm-none-eabi/4.9.3/armv7e-m/fpu/crtend.o
LOAD c:/ac6/systemworkbench/plugins/fr.ac6.mcu.externaltools.arm-none.win32_1.3.0.201507241045/tools/compiler/bin/../lib/gcc/arm-none-eabi/4.9.3/armv7e-m/fpu/crtn.o
                0x20030000                _estack = 0x20030000
                0x00000200                _Min_Heap_Size = 0x200
                0x00000400                _Min_Stack_Size = 0x400

.isr_vector     0x08000000      0x1ac
                0x08000000                . = ALIGN (0x4)
 *(.isr_vector)
 .isr_vector    0x08000000      0x1ac startup/startup_stm32f429_439xx.o
                0x08000000                g_pfnVectors
                0x080001ac                . = ALIGN (0x4)

.text           0x080001b0     0x88c0
                0x080001b0                . = ALIGN (0x4)
 *(.text)
 .text          0x080001b0       0x5c c:/ac6/systemworkbench/plugins/fr.ac6.mcu.externaltools.arm-none.win32_1.3.0.201507241045/tools/compiler/bin/../lib/gcc/arm-none-eabi/4.9.3/armv7e-m/fpu/crtbegin.o
 .text          0x0800020c      0x370 c:/ac6/systemworkbench/plugins/fr.ac6.mcu.externaltools.arm-none.win32_1.3.0.201507241045/tools/compiler/bin/../lib/gcc/arm-none-eabi/4.9.3/armv7e-m/fpu\libgcc.a(_arm_addsubdf3.o)
                0x0800020c                __aeabi_drsub
                0x08000214                __aeabi_dsub
                0x08000214                __subdf3
                0x08000218                __aeabi_dadd
                0x08000218                __adddf3
                0x08000490                __floatunsidf
                0x08000490                __aeabi_ui2d
                0x080004b0                __floatsidf
                0x080004b0                __aeabi_i2d
                0x080004d4                __aeabi_f2d
                0x080004d4                __extendsfdf2
                0x08000510                __floatundidf
                0x08000510                __aeabi_ul2d
                0x08000520                __floatdidf
                0x08000520                __aeabi_l2d
 .text          0x0800057c      0x424 c:/ac6/systemworkbench/plugins/fr.ac6.mcu.externaltools.arm-none.win32_1.3.0.201507241045/tools/compiler/bin/../lib/gcc/arm-none-eabi/4.9.3/armv7e-m/fpu\libgcc.a(_arm_muldivdf3.o)
                0x0800057c                __aeabi_dmul
                0x0800057c                __muldf3
                0x080007d0                __divdf3
                0x080007d0                __aeabi_ddiv
 .text          0x080009a0      0x110 c:/ac6/systemworkbench/plugins/fr.ac6.mcu.externaltools.arm-none.win32_1.3.0.201507241045/tools/compiler/bin/../lib/gcc/arm-none-eabi/4.9.3/armv7e-m/fpu\libgcc.a(_arm_cmpdf2.o)
                0x080009a0                __gtdf2
                0x080009a0                __gedf2
                0x080009a8                __ltdf2
                0x080009a8                __ledf2
                0x080009b0                __nedf2
                0x080009b0                __eqdf2
                0x080009b0                __cmpdf2
                0x08000a2c                __aeabi_cdrcmple
                0x08000a3c                __aeabi_cdcmpeq
                0x08000a3c                __aeabi_cdcmple
                0x08000a4c                __aeabi_dcmpeq
                0x08000a60                __aeabi_dcmplt
                0x08000a74                __aeabi_dcmple
                0x08000a88                __aeabi_dcmpge
                0x08000a9c                __aeabi_dcmpgt
 .text          0x08000ab0       0x40 c:/ac6/systemworkbench/plugins/fr.ac6.mcu.externaltools.arm-none.win32_1.3.0.201507241045/tools/compiler/bin/../lib/gcc/arm-none-eabi/4.9.3/armv7e-m/fpu\libgcc.a(_arm_fixunsdfsi.o)
                0x08000ab0                __aeabi_d2uiz
                0x08000ab0                __fixunsdfsi
 *(.text*)
 .text.Reset_Handler
                0x08000af0       0x48 startup/startup_stm32f429_439xx.o
                0x08000af0                Reset_Handler
 .text.Default_Handler
                0x08000b38        0x2 startup/startup_stm32f429_439xx.o
                0x08000b38                RTC_Alarm_IRQHandler
                0x08000b38                HASH_RNG_IRQHandler
                0x08000b38                EXTI2_IRQHandler
                0x08000b38                TIM8_CC_IRQHandler
                0x08000b38                DebugMon_Handler
                0x08000b38                UART8_IRQHandler
                0x08000b38                SPI4_IRQHandler
                0x08000b38                TIM1_CC_IRQHandler
                0x08000b38                DMA2_Stream5_IRQHandler
                0x08000b38                HardFault_Handler
                0x08000b38                DMA1_Stream5_IRQHandler
                0x08000b38                SysTick_Handler
                0x08000b38                PVD_IRQHandler
                0x08000b38                SDIO_IRQHandler
                0x08000b38                TAMP_STAMP_IRQHandler
                0x08000b38                PendSV_Handler
                0x08000b38                NMI_Handler
                0x08000b38                CAN2_RX1_IRQHandler
                0x08000b38                EXTI3_IRQHandler
                0x08000b38                TIM8_TRG_COM_TIM14_IRQHandler
                0x08000b38                TIM1_UP_TIM10_IRQHandler
                0x08000b38                TIM8_UP_TIM13_IRQHandler
                0x08000b38                I2C3_ER_IRQHandler
                0x08000b38                EXTI0_IRQHandler
                0x08000b38                I2C2_EV_IRQHandler
                0x08000b38                DMA1_Stream2_IRQHandler
                0x08000b38                CAN1_RX0_IRQHandler
                0x08000b38                FPU_IRQHandler
                0x08000b38                OTG_HS_WKUP_IRQHandler
                0x08000b38                UsageFault_Handler
                0x08000b38                LTDC_ER_IRQHandler
                0x08000b38                CAN2_SCE_IRQHandler
                0x08000b38                DMA2_Stream2_IRQHandler
                0x08000b38                SPI1_IRQHandler
                0x08000b38                TIM6_DAC_IRQHandler
                0x08000b38                TIM1_BRK_TIM9_IRQHandler
                0x08000b38                DCMI_IRQHandler
                0x08000b38                CAN2_RX0_IRQHandler
                0x08000b38                DMA2_Stream3_IRQHandler
                0x08000b38                USART6_IRQHandler
                0x08000b38                USART3_IRQHandler
                0x08000b38                CRYP_IRQHandler
                0x08000b38                CAN1_RX1_IRQHandler
                0x08000b38                UART5_IRQHandler
                0x08000b38                DMA2_Stream0_IRQHandler
                0x08000b38                I2C1_EV_IRQHandler
                0x08000b38                DMA1_Stream6_IRQHandler
                0x08000b38                DMA1_Stream1_IRQHandler
                0x08000b38                UART4_IRQHandler
                0x08000b38                RCC_IRQHandler
                0x08000b38                TIM8_BRK_TIM12_IRQHandler
                0x08000b38                Default_Handler
                0x08000b38                EXTI15_10_IRQHandler
                0x08000b38                ADC_IRQHandler
                0x08000b38                DMA1_Stream7_IRQHandler
                0x08000b38                SPI5_IRQHandler
                0x08000b38                TIM7_IRQHandler
                0x08000b38                CAN2_TX_IRQHandler
                0x08000b38                DMA2_Stream7_IRQHandler
                0x08000b38                I2C3_EV_IRQHandler
                0x08000b38                EXTI9_5_IRQHandler
                0x08000b38                RTC_WKUP_IRQHandler
                0x08000b38                LTDC_IRQHandler
                0x08000b38                ETH_WKUP_IRQHandler
                0x08000b38                SPI2_IRQHandler
                0x08000b38                OTG_HS_EP1_IN_IRQHandler
                0x08000b38                MemManage_Handler
                0x08000b38                DMA1_Stream0_IRQHandler
                0x08000b38                CAN1_TX_IRQHandler
                0x08000b38                SVC_Handler
                0x08000b38                EXTI4_IRQHandler
                0x08000b38                FSMC_IRQHandler
                0x08000b38                ETH_IRQHandler
                0x08000b38                OTG_HS_EP1_OUT_IRQHandler
                0x08000b38                WWDG_IRQHandler
                0x08000b38                SPI6_IRQHandler
                0x08000b38                OTG_FS_WKUP_IRQHandler
                0x08000b38                TIM1_TRG_COM_TIM11_IRQHandler
                0x08000b38                OTG_HS_IRQHandler
                0x08000b38                DMA2D_IRQHandler
                0x08000b38                EXTI1_IRQHandler
                0x08000b38                UART7_IRQHandler
                0x08000b38                USART2_IRQHandler
                0x08000b38                I2C2_ER_IRQHandler
                0x08000b38                DMA2_Stream1_IRQHandler
                0x08000b38                CAN1_SCE_IRQHandler
                0x08000b38                FLASH_IRQHandler
                0x08000b38                DMA2_Stream4_IRQHandler
                0x08000b38                BusFault_Handler
                0x08000b38                USART1_IRQHandler
                0x08000b38                OTG_FS_IRQHandler
                0x08000b38                SPI3_IRQHandler
                0x08000b38                DMA1_Stream4_IRQHandler
                0x08000b38                I2C1_ER_IRQHandler
                0x08000b38                DMA2_Stream6_IRQHandler
                0x08000b38                SAI1_IRQHandler
                0x08000b38                DMA1_Stream3_IRQHandler
 *fill*         0x08000b3a        0x2 
 .text.Delayms  0x08000b3c       0x58 src/main.o
 .text.main     0x08000b94      0xe80 src/main.o
                0x08000b94                main
 .text.RCC_Configuration
                0x08001a14       0x74 src/main.o
                0x08001a14                RCC_Configuration
 .text.NVIC_Configuration
                0x08001a88       0x6c src/main.o
                0x08001a88                NVIC_Configuration
 .text.GPIO_Configuration
                0x08001af4       0x70 src/main.o
                0x08001af4                GPIO_Configuration
 .text.TIM_Configuration
                0x08001b64       0x48 src/main.o
                0x08001b64                TIM_Configuration
 .text.TIM_Configuration3
                0x08001bac       0x54 src/main.o
                0x08001bac                TIM_Configuration3
 .text.TIM_Configuration1
                0x08001c00       0x54 src/main.o
                0x08001c00                TIM_Configuration1
 .text.TIM2_IRQHandler
                0x08001c54       0x48 src/main.o
                0x08001c54                TIM2_IRQHandler
 .text.TIM4_IRQHandler
                0x08001c9c      0x184 src/main.o
                0x08001c9c                TIM4_IRQHandler
 .text.TIM3_IRQHandler
                0x08001e20       0x68 src/main.o
                0x08001e20                TIM3_IRQHandler
 .text.DMA2D_Configuration
                0x08001e88       0x24 src/main.o
                0x08001e88                DMA2D_Configuration
 .text.GUIPreparation
                0x08001eac      0x1a0 src/main.o
                0x08001eac                GUIPreparation
 .text.DrawSignal
                0x0800204c      0xedc src/main.o
                0x0800204c                DrawSignal
 .text.StartMenu
                0x08002f28      0x1a0 src/main.o
                0x08002f28                StartMenu
 .text.fillChannelsText
                0x080030c8       0x80 src/main.o
                0x080030c8                fillChannelsText
 .text.fillTriggersText
                0x08003148       0x2c src/main.o
                0x08003148                fillTriggersText
 .text.infoPanel
                0x08003174       0xc0 src/main.o
                0x08003174                infoPanel
 .text.resetInfoPanel
                0x08003234       0x1c src/main.o
                0x08003234                resetInfoPanel
 .text.resetGUI
                0x08003250       0x1c src/main.o
                0x08003250                resetGUI
 .text.TouchDataConfiguration
                0x0800326c       0x14 src/main.o
                0x0800326c                TouchDataConfiguration
 .text.infoPanel2
                0x08003280      0x100 src/main.o
                0x08003280                infoPanel2
 .text.fillFreqList
                0x08003380      0x104 src/main.o
                0x08003380                fillFreqList
 .text.infoPanel3
                0x08003484       0xe4 src/main.o
                0x08003484                infoPanel3
 .text.generateDivision
                0x08003568      0x1b8 src/main.o
                0x08003568                generateDivision
 .text.infoPanel4
                0x08003720       0x54 src/main.o
                0x08003720                infoPanel4
 .text.DataMatching
                0x08003774      0x23c src/main.o
                0x08003774                DataMatching
 .text.infoPanel5
                0x080039b0       0x98 src/main.o
                0x080039b0                infoPanel5
 .text.resetInfoPanel5
                0x08003a48       0x1c src/main.o
                0x08003a48                resetInfoPanel5
 .text._sbrk    0x08003a64       0x58 src/syscalls.o
                0x08003a64                _sbrk
 .text.SystemInit
                0x08003abc       0x68 src/system_stm32f4xx.o
                0x08003abc                SystemInit
 .text.SetSysClock
                0x08003b24      0x128 src/system_stm32f4xx.o
 .text.TM_I2C_Init
                0x08003c4c      0x138 src/tm_stm32f4_i2c.o
                0x08003c4c                TM_I2C_Init
 .text.TM_I2C_Read
                0x08003d84       0x50 src/tm_stm32f4_i2c.o
                0x08003d84                TM_I2C_Read
 .text.TM_I2C_ReadMulti
                0x08003dd4       0x88 src/tm_stm32f4_i2c.o
                0x08003dd4                TM_I2C_ReadMulti
 .text.TM_I2C_Write
                0x08003e5c       0x48 src/tm_stm32f4_i2c.o
                0x08003e5c                TM_I2C_Write
 .text.TM_I2C_Start
                0x08003ea4      0x10c src/tm_stm32f4_i2c.o
                0x08003ea4                TM_I2C_Start
 .text.TM_I2C_WriteData
                0x08003fb0       0x4c src/tm_stm32f4_i2c.o
                0x08003fb0                TM_I2C_WriteData
 .text.TM_I2C_ReadAck
                0x08003ffc       0x60 src/tm_stm32f4_i2c.o
                0x08003ffc                TM_I2C_ReadAck
 .text.TM_I2C_ReadNack
                0x0800405c       0x70 src/tm_stm32f4_i2c.o
                0x0800405c                TM_I2C_ReadNack
 .text.TM_I2C_Stop
                0x080040cc       0x68 src/tm_stm32f4_i2c.o
                0x080040cc                TM_I2C_Stop
 .text.TM_I2C1_INT_InitPins
                0x08004134       0x78 src/tm_stm32f4_i2c.o
                0x08004134                TM_I2C1_INT_InitPins
 .text.TM_I2C2_INT_InitPins
                0x080041ac       0x7c src/tm_stm32f4_i2c.o
                0x080041ac                TM_I2C2_INT_InitPins
 .text.TM_I2C3_INT_InitPins
                0x08004228       0x7c src/tm_stm32f4_i2c.o
                0x08004228                TM_I2C3_INT_InitPins
 .text.Delayms  0x080042a4       0x58 src/tm_stm32f4_stmpe811.o
 .text.TM_STMPE811_Init
                0x080042fc      0x174 src/tm_stm32f4_stmpe811.o
                0x080042fc                TM_STMPE811_Init
 .text.TM_STMPE811_Read
                0x08004470       0x24 src/tm_stm32f4_stmpe811.o
                0x08004470                TM_STMPE811_Read
 .text.TM_STMPE811_ReadTouch
                0x08004494      0x1a4 src/tm_stm32f4_stmpe811.o
                0x08004494                TM_STMPE811_ReadTouch
 .text.TM_STMPE811_ReadX
                0x08004638       0xbc src/tm_stm32f4_stmpe811.o
                0x08004638                TM_STMPE811_ReadX
 .text.TM_STMPE811_ReadY
                0x080046f4       0xa4 src/tm_stm32f4_stmpe811.o
                0x080046f4                TM_STMPE811_ReadY
 .text.NVIC_Init
                0x08004798       0xc0 C:\Users\Seba\Desktop\inz\stm32f429i-disco_stdperiph_lib\Debug\libstm32f429i-disco_stdperiph_lib.a(misc.o)
                0x08004798                NVIC_Init
 .text.FLASH_SetLatency
                0x08004858       0x20 C:\Users\Seba\Desktop\inz\stm32f429i-disco_stdperiph_lib\Debug\libstm32f429i-disco_stdperiph_lib.a(stm32f4xx_flash.o)
                0x08004858                FLASH_SetLatency
 .text.GPIO_Init
                0x08004878      0x11c C:\Users\Seba\Desktop\inz\stm32f429i-disco_stdperiph_lib\Debug\libstm32f429i-disco_stdperiph_lib.a(stm32f4xx_gpio.o)
                0x08004878                GPIO_Init
 .text.GPIO_ReadInputDataBit
                0x08004994       0x34 C:\Users\Seba\Desktop\inz\stm32f429i-disco_stdperiph_lib\Debug\libstm32f429i-disco_stdperiph_lib.a(stm32f4xx_gpio.o)
                0x08004994                GPIO_ReadInputDataBit
 .text.GPIO_ReadInputData
                0x080049c8       0x1c C:\Users\Seba\Desktop\inz\stm32f429i-disco_stdperiph_lib\Debug\libstm32f429i-disco_stdperiph_lib.a(stm32f4xx_gpio.o)
                0x080049c8                GPIO_ReadInputData
 .text.I2C_Init
                0x080049e4      0x184 C:\Users\Seba\Desktop\inz\stm32f429i-disco_stdperiph_lib\Debug\libstm32f429i-disco_stdperiph_lib.a(stm32f4xx_i2c.o)
                0x080049e4                I2C_Init
 .text.I2C_CheckEvent
                0x08004b68       0x60 C:\Users\Seba\Desktop\inz\stm32f429i-disco_stdperiph_lib\Debug\libstm32f429i-disco_stdperiph_lib.a(stm32f4xx_i2c.o)
                0x08004b68                I2C_CheckEvent
 .text.RCC_DeInit
                0x08004bc8       0x70 C:\Users\Seba\Desktop\inz\stm32f429i-disco_stdperiph_lib\Debug\libstm32f429i-disco_stdperiph_lib.a(stm32f4xx_rcc.o)
                0x08004bc8                RCC_DeInit
 .text.RCC_HSEConfig
                0x08004c38       0x24 C:\Users\Seba\Desktop\inz\stm32f429i-disco_stdperiph_lib\Debug\libstm32f429i-disco_stdperiph_lib.a(stm32f4xx_rcc.o)
                0x08004c38                RCC_HSEConfig
 .text.RCC_WaitForHSEStartUp
                0x08004c5c       0x50 C:\Users\Seba\Desktop\inz\stm32f429i-disco_stdperiph_lib\Debug\libstm32f429i-disco_stdperiph_lib.a(stm32f4xx_rcc.o)
                0x08004c5c                RCC_WaitForHSEStartUp
 .text.RCC_PLLConfig
                0x08004cac       0x3c C:\Users\Seba\Desktop\inz\stm32f429i-disco_stdperiph_lib\Debug\libstm32f429i-disco_stdperiph_lib.a(stm32f4xx_rcc.o)
                0x08004cac                RCC_PLLConfig
 .text.RCC_PLLCmd
                0x08004ce8       0x20 C:\Users\Seba\Desktop\inz\stm32f429i-disco_stdperiph_lib\Debug\libstm32f429i-disco_stdperiph_lib.a(stm32f4xx_rcc.o)
                0x08004ce8                RCC_PLLCmd
 .text.RCC_PLLSAIConfig
                0x08004d08       0x30 C:\Users\Seba\Desktop\inz\stm32f429i-disco_stdperiph_lib\Debug\libstm32f429i-disco_stdperiph_lib.a(stm32f4xx_rcc.o)
                0x08004d08                RCC_PLLSAIConfig
 .text.RCC_PLLSAICmd
                0x08004d38       0x20 C:\Users\Seba\Desktop\inz\stm32f429i-disco_stdperiph_lib\Debug\libstm32f429i-disco_stdperiph_lib.a(stm32f4xx_rcc.o)
                0x08004d38                RCC_PLLSAICmd
 .text.RCC_SYSCLKConfig
                0x08004d58       0x38 C:\Users\Seba\Desktop\inz\stm32f429i-disco_stdperiph_lib\Debug\libstm32f429i-disco_stdperiph_lib.a(stm32f4xx_rcc.o)
                0x08004d58                RCC_SYSCLKConfig
 .text.RCC_HCLKConfig
                0x08004d90       0x38 C:\Users\Seba\Desktop\inz\stm32f429i-disco_stdperiph_lib\Debug\libstm32f429i-disco_stdperiph_lib.a(stm32f4xx_rcc.o)
                0x08004d90                RCC_HCLKConfig
 .text.RCC_PCLK1Config
                0x08004dc8       0x38 C:\Users\Seba\Desktop\inz\stm32f429i-disco_stdperiph_lib\Debug\libstm32f429i-disco_stdperiph_lib.a(stm32f4xx_rcc.o)
                0x08004dc8                RCC_PCLK1Config
 .text.RCC_GetClocksFreq
                0x08004e00      0x154 C:\Users\Seba\Desktop\inz\stm32f429i-disco_stdperiph_lib\Debug\libstm32f429i-disco_stdperiph_lib.a(stm32f4xx_rcc.o)
                0x08004e00                RCC_GetClocksFreq
 .text.RCC_LTDCCLKDivConfig
                0x08004f54       0x3c C:\Users\Seba\Desktop\inz\stm32f429i-disco_stdperiph_lib\Debug\libstm32f429i-disco_stdperiph_lib.a(stm32f4xx_rcc.o)
                0x08004f54                RCC_LTDCCLKDivConfig
 .text.RCC_AHB1PeriphClockCmd
                0x08004f90       0x3c C:\Users\Seba\Desktop\inz\stm32f429i-disco_stdperiph_lib\Debug\libstm32f429i-disco_stdperiph_lib.a(stm32f4xx_rcc.o)
                0x08004f90                RCC_AHB1PeriphClockCmd
 .text.RCC_APB1PeriphClockCmd
                0x08004fcc       0x3c C:\Users\Seba\Desktop\inz\stm32f429i-disco_stdperiph_lib\Debug\libstm32f429i-disco_stdperiph_lib.a(stm32f4xx_rcc.o)
                0x08004fcc                RCC_APB1PeriphClockCmd
 .text.RCC_APB2PeriphClockCmd
                0x08005008       0x3c C:\Users\Seba\Desktop\inz\stm32f429i-disco_stdperiph_lib\Debug\libstm32f429i-disco_stdperiph_lib.a(stm32f4xx_rcc.o)
                0x08005008                RCC_APB2PeriphClockCmd
 .text.RCC_GetFlagStatus
                0x08005044       0x74 C:\Users\Seba\Desktop\inz\stm32f429i-disco_stdperiph_lib\Debug\libstm32f429i-disco_stdperiph_lib.a(stm32f4xx_rcc.o)
                0x08005044                RCC_GetFlagStatus
 .text.TIM_TimeBaseInit
                0x080050b8       0xd4 C:\Users\Seba\Desktop\inz\stm32f429i-disco_stdperiph_lib\Debug\libstm32f429i-disco_stdperiph_lib.a(stm32f4xx_tim.o)
                0x080050b8                TIM_TimeBaseInit
 .text.TIM_Cmd  0x0800518c       0x40 C:\Users\Seba\Desktop\inz\stm32f429i-disco_stdperiph_lib\Debug\libstm32f429i-disco_stdperiph_lib.a(stm32f4xx_tim.o)
                0x0800518c                TIM_Cmd
 .text.TIM_ITConfig
                0x080051cc       0x48 C:\Users\Seba\Desktop\inz\stm32f429i-disco_stdperiph_lib\Debug\libstm32f429i-disco_stdperiph_lib.a(stm32f4xx_tim.o)
                0x080051cc                TIM_ITConfig
 .text.TIM_GetITStatus
                0x08005214       0x54 C:\Users\Seba\Desktop\inz\stm32f429i-disco_stdperiph_lib\Debug\libstm32f429i-disco_stdperiph_lib.a(stm32f4xx_tim.o)
                0x08005214                TIM_GetITStatus
 .text.TIM_ClearITPendingBit
                0x08005268       0x20 C:\Users\Seba\Desktop\inz\stm32f429i-disco_stdperiph_lib\Debug\libstm32f429i-disco_stdperiph_lib.a(stm32f4xx_tim.o)
                0x08005268                TIM_ClearITPendingBit
 .text.TIM5_IRQHandler
                0x08005288       0xfc C:\Users\Seba\Desktop\inz\stm32f429i-disco_stdperiph_lib\Debug\libstm32f429i-disco_stdperiph_lib.a(tm_stm32f4_delay.o)
                0x08005288                TIM5_IRQHandler
 .text.TM_DELAY_Init
                0x08005384       0x14 C:\Users\Seba\Desktop\inz\stm32f429i-disco_stdperiph_lib\Debug\libstm32f429i-disco_stdperiph_lib.a(tm_stm32f4_delay.o)
                0x08005384                TM_DELAY_Init
 .text.TM_DELAY_INT_InitTIM
                0x08005398       0xc0 C:\Users\Seba\Desktop\inz\stm32f429i-disco_stdperiph_lib\Debug\libstm32f429i-disco_stdperiph_lib.a(tm_stm32f4_delay.o)
                0x08005398                TM_DELAY_INT_InitTIM
 .text.DrawPixel
                0x08005458       0x2c C:\Users\Seba\Desktop\inz\stm32f429i-disco_stdperiph_lib\Debug\libstm32f429i-disco_stdperiph_lib.a(tm_stm32f4_dma2d_graphic.o)
 .text.TM_DMA2DGRAPHIC_Init
                0x08005484       0x64 C:\Users\Seba\Desktop\inz\stm32f429i-disco_stdperiph_lib\Debug\libstm32f429i-disco_stdperiph_lib.a(tm_stm32f4_dma2d_graphic.o)
                0x08005484                TM_DMA2DGRAPHIC_Init
 .text.TM_DMA2DGRAPHIC_SetOrientation
                0x080054e8       0x50 C:\Users\Seba\Desktop\inz\stm32f429i-disco_stdperiph_lib\Debug\libstm32f429i-disco_stdperiph_lib.a(tm_stm32f4_dma2d_graphic.o)
                0x080054e8                TM_DMA2DGRAPHIC_SetOrientation
 .text.TM_DMA2DGRAPHIC_Fill
                0x08005538       0x7c C:\Users\Seba\Desktop\inz\stm32f429i-disco_stdperiph_lib\Debug\libstm32f429i-disco_stdperiph_lib.a(tm_stm32f4_dma2d_graphic.o)
                0x08005538                TM_DMA2DGRAPHIC_Fill
 .text.TM_DMA2DGRAPHIC_DrawFilledRectangle
                0x080055b4      0x1f8 C:\Users\Seba\Desktop\inz\stm32f429i-disco_stdperiph_lib\Debug\libstm32f429i-disco_stdperiph_lib.a(tm_stm32f4_dma2d_graphic.o)
                0x080055b4                TM_DMA2DGRAPHIC_DrawFilledRectangle
 .text.TM_DMA2DGRAPHIC_DrawRectangle
                0x080057ac       0x90 C:\Users\Seba\Desktop\inz\stm32f429i-disco_stdperiph_lib\Debug\libstm32f429i-disco_stdperiph_lib.a(tm_stm32f4_dma2d_graphic.o)
                0x080057ac                TM_DMA2DGRAPHIC_DrawRectangle
 .text.TM_DMA2DGRAPHIC_DrawVerticalLine
                0x0800583c      0x20c C:\Users\Seba\Desktop\inz\stm32f429i-disco_stdperiph_lib\Debug\libstm32f429i-disco_stdperiph_lib.a(tm_stm32f4_dma2d_graphic.o)
                0x0800583c                TM_DMA2DGRAPHIC_DrawVerticalLine
 .text.TM_DMA2DGRAPHIC_DrawHorizontalLine
                0x08005a48      0x214 C:\Users\Seba\Desktop\inz\stm32f429i-disco_stdperiph_lib\Debug\libstm32f429i-disco_stdperiph_lib.a(tm_stm32f4_dma2d_graphic.o)
                0x08005a48                TM_DMA2DGRAPHIC_DrawHorizontalLine
 .text.TM_DMA2DGRAPHIC_DrawLine
                0x08005c5c      0x188 C:\Users\Seba\Desktop\inz\stm32f429i-disco_stdperiph_lib\Debug\libstm32f429i-disco_stdperiph_lib.a(tm_stm32f4_dma2d_graphic.o)
                0x08005c5c                TM_DMA2DGRAPHIC_DrawLine
 .text.TM_DMA2DGRAPHIC_DrawPolyLine
                0x08005de4       0x58 C:\Users\Seba\Desktop\inz\stm32f429i-disco_stdperiph_lib\Debug\libstm32f429i-disco_stdperiph_lib.a(tm_stm32f4_dma2d_graphic.o)
                0x08005de4                TM_DMA2DGRAPHIC_DrawPolyLine
 .text.TM_DMA2DGRAPHIC_CopyBuffer
                0x08005e3c       0x40 C:\Users\Seba\Desktop\inz\stm32f429i-disco_stdperiph_lib\Debug\libstm32f429i-disco_stdperiph_lib.a(tm_stm32f4_dma2d_graphic.o)
                0x08005e3c                TM_DMA2DGRAPHIC_CopyBuffer
 .text.TM_DMA2DGRAPHIC_CopyBufferIT
                0x08005e7c       0x8c C:\Users\Seba\Desktop\inz\stm32f429i-disco_stdperiph_lib\Debug\libstm32f429i-disco_stdperiph_lib.a(tm_stm32f4_dma2d_graphic.o)
                0x08005e7c                TM_DMA2DGRAPHIC_CopyBufferIT
 .text.TM_INT_DMA2DGRAPHIC_InitAndTransfer
                0x08005f08       0x64 C:\Users\Seba\Desktop\inz\stm32f429i-disco_stdperiph_lib\Debug\libstm32f429i-disco_stdperiph_lib.a(tm_stm32f4_dma2d_graphic.o)
                0x08005f08                TM_INT_DMA2DGRAPHIC_InitAndTransfer
 .text.TM_INT_DMA2DGRAPHIC_SetMemory
                0x08005f6c       0x44 C:\Users\Seba\Desktop\inz\stm32f429i-disco_stdperiph_lib\Debug\libstm32f429i-disco_stdperiph_lib.a(tm_stm32f4_dma2d_graphic.o)
                0x08005f6c                TM_INT_DMA2DGRAPHIC_SetMemory
 .text.TM_GPIO_Init
                0x08005fb0       0x44 C:\Users\Seba\Desktop\inz\stm32f429i-disco_stdperiph_lib\Debug\libstm32f429i-disco_stdperiph_lib.a(tm_stm32f4_gpio.o)
                0x08005fb0                TM_GPIO_Init
 .text.TM_GPIO_InitAlternate
                0x08005ff4       0xa8 C:\Users\Seba\Desktop\inz\stm32f429i-disco_stdperiph_lib\Debug\libstm32f429i-disco_stdperiph_lib.a(tm_stm32f4_gpio.o)
                0x08005ff4                TM_GPIO_InitAlternate
 .text.TM_GPIO_GetPortSource
                0x0800609c       0x24 C:\Users\Seba\Desktop\inz\stm32f429i-disco_stdperiph_lib\Debug\libstm32f429i-disco_stdperiph_lib.a(tm_stm32f4_gpio.o)
                0x0800609c                TM_GPIO_GetPortSource
 .text.TM_GPIO_INT_EnableClock
                0x080060c0       0x2c C:\Users\Seba\Desktop\inz\stm32f429i-disco_stdperiph_lib\Debug\libstm32f429i-disco_stdperiph_lib.a(tm_stm32f4_gpio.o)
                0x080060c0                TM_GPIO_INT_EnableClock
 .text.TM_GPIO_INT_Init
                0x080060ec      0x10c C:\Users\Seba\Desktop\inz\stm32f429i-disco_stdperiph_lib\Debug\libstm32f429i-disco_stdperiph_lib.a(tm_stm32f4_gpio.o)
                0x080060ec                TM_GPIO_INT_Init
 .text.TM_SPI_Send
                0x080061f8       0x78 C:\Users\Seba\Desktop\inz\stm32f429i-disco_stdperiph_lib\Debug\libstm32f429i-disco_stdperiph_lib.a(tm_stm32f4_ili9341_ltdc.o)
 .text.TM_ILI9341_Init
                0x08006270       0x98 C:\Users\Seba\Desktop\inz\stm32f429i-disco_stdperiph_lib\Debug\libstm32f429i-disco_stdperiph_lib.a(tm_stm32f4_ili9341_ltdc.o)
                0x08006270                TM_ILI9341_Init
 .text.TM_ILI9341_InitPins
                0x08006308       0xfc C:\Users\Seba\Desktop\inz\stm32f429i-disco_stdperiph_lib\Debug\libstm32f429i-disco_stdperiph_lib.a(tm_stm32f4_ili9341_ltdc.o)
                0x08006308                TM_ILI9341_InitPins
 .text.TM_ILI9341_InitLCD
                0x08006404      0x294 C:\Users\Seba\Desktop\inz\stm32f429i-disco_stdperiph_lib\Debug\libstm32f429i-disco_stdperiph_lib.a(tm_stm32f4_ili9341_ltdc.o)
                0x08006404                TM_ILI9341_InitLCD
 .text.TM_LCD9341_InitLTDC
                0x08006698       0x9c C:\Users\Seba\Desktop\inz\stm32f429i-disco_stdperiph_lib\Debug\libstm32f429i-disco_stdperiph_lib.a(tm_stm32f4_ili9341_ltdc.o)
                0x08006698                TM_LCD9341_InitLTDC
 .text.TM_ILI9341_InitLayers
                0x08006734       0xc8 C:\Users\Seba\Desktop\inz\stm32f429i-disco_stdperiph_lib\Debug\libstm32f429i-disco_stdperiph_lib.a(tm_stm32f4_ili9341_ltdc.o)
                0x08006734                TM_ILI9341_InitLayers
 .text.TM_ILI9341_SendCommand
                0x080067fc       0x3c C:\Users\Seba\Desktop\inz\stm32f429i-disco_stdperiph_lib\Debug\libstm32f429i-disco_stdperiph_lib.a(tm_stm32f4_ili9341_ltdc.o)
                0x080067fc                TM_ILI9341_SendCommand
 .text.TM_ILI9341_SendData
                0x08006838       0x3c C:\Users\Seba\Desktop\inz\stm32f429i-disco_stdperiph_lib\Debug\libstm32f429i-disco_stdperiph_lib.a(tm_stm32f4_ili9341_ltdc.o)
                0x08006838                TM_ILI9341_SendData
 .text.TM_ILI9341_DrawPixel
                0x08006874      0x100 C:\Users\Seba\Desktop\inz\stm32f429i-disco_stdperiph_lib\Debug\libstm32f429i-disco_stdperiph_lib.a(tm_stm32f4_ili9341_ltdc.o)
                0x08006874                TM_ILI9341_DrawPixel
 .text.TM_ILI9341_Fill
                0x08006974       0x44 C:\Users\Seba\Desktop\inz\stm32f429i-disco_stdperiph_lib\Debug\libstm32f429i-disco_stdperiph_lib.a(tm_stm32f4_ili9341_ltdc.o)
                0x08006974                TM_ILI9341_Fill
 .text.TM_ILI9341_Delay
                0x080069b8       0x20 C:\Users\Seba\Desktop\inz\stm32f429i-disco_stdperiph_lib\Debug\libstm32f429i-disco_stdperiph_lib.a(tm_stm32f4_ili9341_ltdc.o)
                0x080069b8                TM_ILI9341_Delay
 .text.TM_ILI9341_Rotate
                0x080069d8       0x54 C:\Users\Seba\Desktop\inz\stm32f429i-disco_stdperiph_lib\Debug\libstm32f429i-disco_stdperiph_lib.a(tm_stm32f4_ili9341_ltdc.o)
                0x080069d8                TM_ILI9341_Rotate
 .text.TM_ILI9341_SetLayer1
                0x08006a2c       0x1c C:\Users\Seba\Desktop\inz\stm32f429i-disco_stdperiph_lib\Debug\libstm32f429i-disco_stdperiph_lib.a(tm_stm32f4_ili9341_ltdc.o)
                0x08006a2c                TM_ILI9341_SetLayer1
 .text.TM_ILI9341_SetLayer2
                0x08006a48       0x20 C:\Users\Seba\Desktop\inz\stm32f429i-disco_stdperiph_lib\Debug\libstm32f429i-disco_stdperiph_lib.a(tm_stm32f4_ili9341_ltdc.o)
                0x08006a48                TM_ILI9341_SetLayer2
 .text.TM_ILI9341_Layer1To2
                0x08006a68       0x28 C:\Users\Seba\Desktop\inz\stm32f429i-disco_stdperiph_lib\Debug\libstm32f429i-disco_stdperiph_lib.a(tm_stm32f4_ili9341_ltdc.o)
                0x08006a68                TM_ILI9341_Layer1To2
 .text.TM_ILI9341_Puts
                0x08006a90       0xac C:\Users\Seba\Desktop\inz\stm32f429i-disco_stdperiph_lib\Debug\libstm32f429i-disco_stdperiph_lib.a(tm_stm32f4_ili9341_ltdc.o)
                0x08006a90                TM_ILI9341_Puts
 .text.TM_ILI9341_Putc
                0x08006b3c      0x11c C:\Users\Seba\Desktop\inz\stm32f429i-disco_stdperiph_lib\Debug\libstm32f429i-disco_stdperiph_lib.a(tm_stm32f4_ili9341_ltdc.o)
                0x08006b3c                TM_ILI9341_Putc
 .text.TM_SDRAM_Init
                0x08006c58      0x1e8 C:\Users\Seba\Desktop\inz\stm32f429i-disco_stdperiph_lib\Debug\libstm32f429i-disco_stdperiph_lib.a(tm_stm32f4_sdram.o)
                0x08006c58                TM_SDRAM_Init
 .text.TM_SDRAM_InitPins
                0x08006e40       0xb0 C:\Users\Seba\Desktop\inz\stm32f429i-disco_stdperiph_lib\Debug\libstm32f429i-disco_stdperiph_lib.a(tm_stm32f4_sdram.o)
 .text.TM_SDRAM_InitCustomPinsCallback
                0x08006ef0       0x10 C:\Users\Seba\Desktop\inz\stm32f429i-disco_stdperiph_lib\Debug\libstm32f429i-disco_stdperiph_lib.a(tm_stm32f4_sdram.o)
                0x08006ef0                TM_SDRAM_InitCustomPinsCallback
 .text.TM_SPI_Init
                0x08006f00       0xec C:\Users\Seba\Desktop\inz\stm32f429i-disco_stdperiph_lib\Debug\libstm32f429i-disco_stdperiph_lib.a(tm_stm32f4_spi.o)
                0x08006f00                TM_SPI_Init
 .text.TM_SPIx_Init
                0x08006fec      0x188 C:\Users\Seba\Desktop\inz\stm32f429i-disco_stdperiph_lib\Debug\libstm32f429i-disco_stdperiph_lib.a(tm_stm32f4_spi.o)
 .text.TM_SPI1_INT_InitPins
                0x08007174       0x5c C:\Users\Seba\Desktop\inz\stm32f429i-disco_stdperiph_lib\Debug\libstm32f429i-disco_stdperiph_lib.a(tm_stm32f4_spi.o)
                0x08007174                TM_SPI1_INT_InitPins
 .text.TM_SPI2_INT_InitPins
                0x080071d0       0x94 C:\Users\Seba\Desktop\inz\stm32f429i-disco_stdperiph_lib\Debug\libstm32f429i-disco_stdperiph_lib.a(tm_stm32f4_spi.o)
                0x080071d0                TM_SPI2_INT_InitPins
 .text.TM_SPI3_INT_InitPins
                0x08007264       0x60 C:\Users\Seba\Desktop\inz\stm32f429i-disco_stdperiph_lib\Debug\libstm32f429i-disco_stdperiph_lib.a(tm_stm32f4_spi.o)
                0x08007264                TM_SPI3_INT_InitPins
 .text.TM_SPI4_INT_InitPins
                0x080072c4       0x5c C:\Users\Seba\Desktop\inz\stm32f429i-disco_stdperiph_lib\Debug\libstm32f429i-disco_stdperiph_lib.a(tm_stm32f4_spi.o)
                0x080072c4                TM_SPI4_INT_InitPins
 .text.TM_SPI5_INT_InitPins
                0x08007320       0x74 C:\Users\Seba\Desktop\inz\stm32f429i-disco_stdperiph_lib\Debug\libstm32f429i-disco_stdperiph_lib.a(tm_stm32f4_spi.o)
                0x08007320                TM_SPI5_INT_InitPins
 .text.TM_SPI6_INT_InitPins
                0x08007394       0x40 C:\Users\Seba\Desktop\inz\stm32f429i-disco_stdperiph_lib\Debug\libstm32f429i-disco_stdperiph_lib.a(tm_stm32f4_spi.o)
                0x08007394                TM_SPI6_INT_InitPins
 .text.TM_TIMER_PROPERTIES_GetTimerProperties
                0x080073d4      0x100 C:\Users\Seba\Desktop\inz\stm32f429i-disco_stdperiph_lib\Debug\libstm32f429i-disco_stdperiph_lib.a(tm_stm32f4_timer_properties.o)
                0x080073d4                TM_TIMER_PROPERTIES_GetTimerProperties
 .text.TM_TIMER_PROPERTIES_GenerateDataForWorkingFrequency
                0x080074d4      0x128 C:\Users\Seba\Desktop\inz\stm32f429i-disco_stdperiph_lib\Debug\libstm32f429i-disco_stdperiph_lib.a(tm_stm32f4_timer_properties.o)
                0x080074d4                TM_TIMER_PROPERTIES_GenerateDataForWorkingFrequency
 .text.TM_TIMER_PROPERTIES_EnableClock
                0x080075fc      0x148 C:\Users\Seba\Desktop\inz\stm32f429i-disco_stdperiph_lib\Debug\libstm32f429i-disco_stdperiph_lib.a(tm_stm32f4_timer_properties.o)
                0x080075fc                TM_TIMER_PROPERTIES_EnableClock
 .text.DMA2D_Init
                0x08007744      0x15c C:\Users\Seba\Desktop\inz\stm32f429i-disco_stdperiph_lib\Debug\libstm32f429i-disco_stdperiph_lib.a(stm32f4xx_dma2d.o)
                0x08007744                DMA2D_Init
 .text.FMC_SDRAMInit
                0x080078a0      0x15c C:\Users\Seba\Desktop\inz\stm32f429i-disco_stdperiph_lib\Debug\libstm32f429i-disco_stdperiph_lib.a(stm32f4xx_fmc.o)
                0x080078a0                FMC_SDRAMInit
 .text.FMC_SDRAMCmdConfig
                0x080079fc       0x40 C:\Users\Seba\Desktop\inz\stm32f429i-disco_stdperiph_lib\Debug\libstm32f429i-disco_stdperiph_lib.a(stm32f4xx_fmc.o)
                0x080079fc                FMC_SDRAMCmdConfig
 .text.FMC_SetRefreshCount
                0x08007a3c       0x24 C:\Users\Seba\Desktop\inz\stm32f429i-disco_stdperiph_lib\Debug\libstm32f429i-disco_stdperiph_lib.a(stm32f4xx_fmc.o)
                0x08007a3c                FMC_SetRefreshCount
 .text.FMC_GetFlagStatus
                0x08007a60       0x7c C:\Users\Seba\Desktop\inz\stm32f429i-disco_stdperiph_lib\Debug\libstm32f429i-disco_stdperiph_lib.a(stm32f4xx_fmc.o)
                0x08007a60                FMC_GetFlagStatus
 .text.LTDC_Init
                0x08007adc      0x12c C:\Users\Seba\Desktop\inz\stm32f429i-disco_stdperiph_lib\Debug\libstm32f429i-disco_stdperiph_lib.a(stm32f4xx_ltdc.o)
                0x08007adc                LTDC_Init
 .text.LTDC_Cmd
                0x08007c08       0x38 C:\Users\Seba\Desktop\inz\stm32f429i-disco_stdperiph_lib\Debug\libstm32f429i-disco_stdperiph_lib.a(stm32f4xx_ltdc.o)
                0x08007c08                LTDC_Cmd
 .text.LTDC_DitherCmd
                0x08007c40       0x38 C:\Users\Seba\Desktop\inz\stm32f429i-disco_stdperiph_lib\Debug\libstm32f429i-disco_stdperiph_lib.a(stm32f4xx_ltdc.o)
                0x08007c40                LTDC_DitherCmd
 .text.LTDC_ReloadConfig
                0x08007c78       0x1c C:\Users\Seba\Desktop\inz\stm32f429i-disco_stdperiph_lib\Debug\libstm32f429i-disco_stdperiph_lib.a(stm32f4xx_ltdc.o)
                0x08007c78                LTDC_ReloadConfig
 .text.LTDC_LayerInit
                0x08007c94      0x134 C:\Users\Seba\Desktop\inz\stm32f429i-disco_stdperiph_lib\Debug\libstm32f429i-disco_stdperiph_lib.a(stm32f4xx_ltdc.o)
                0x08007c94                LTDC_LayerInit
 .text.LTDC_LayerCmd
                0x08007dc8       0x38 C:\Users\Seba\Desktop\inz\stm32f429i-disco_stdperiph_lib\Debug\libstm32f429i-disco_stdperiph_lib.a(stm32f4xx_ltdc.o)
                0x08007dc8                LTDC_LayerCmd
 .text.LTDC_LayerAlpha
                0x08007e00       0x1c C:\Users\Seba\Desktop\inz\stm32f429i-disco_stdperiph_lib\Debug\libstm32f429i-disco_stdperiph_lib.a(stm32f4xx_ltdc.o)
                0x08007e00                LTDC_LayerAlpha
 .text.SPI_Init
                0x08007e1c       0x88 C:\Users\Seba\Desktop\inz\stm32f429i-disco_stdperiph_lib\Debug\libstm32f429i-disco_stdperiph_lib.a(stm32f4xx_spi.o)
                0x08007e1c                SPI_Init
 .text.SPI_StructInit
                0x08007ea4       0x48 C:\Users\Seba\Desktop\inz\stm32f429i-disco_stdperiph_lib\Debug\libstm32f429i-disco_stdperiph_lib.a(stm32f4xx_spi.o)
                0x08007ea4                SPI_StructInit
 .text.__errno  0x08007eec        0xc c:/ac6/systemworkbench/plugins/fr.ac6.mcu.externaltools.arm-none.win32_1.3.0.201507241045/tools/compiler/bin/../lib/gcc/arm-none-eabi/4.9.3/../../../../arm-none-eabi/lib/armv7e-m/fpu\libc.a(lib_a-errno.o)
                0x08007eec                __errno
 .text.__libc_init_array
                0x08007ef8       0x50 c:/ac6/systemworkbench/plugins/fr.ac6.mcu.externaltools.arm-none.win32_1.3.0.201507241045/tools/compiler/bin/../lib/gcc/arm-none-eabi/4.9.3/../../../../arm-none-eabi/lib/armv7e-m/fpu\libc.a(lib_a-init.o)
                0x08007ef8                __libc_init_array
 .text.__itoa   0x08007f48       0x30 c:/ac6/systemworkbench/plugins/fr.ac6.mcu.externaltools.arm-none.win32_1.3.0.201507241045/tools/compiler/bin/../lib/gcc/arm-none-eabi/4.9.3/../../../../arm-none-eabi/lib/armv7e-m/fpu\libc.a(lib_a-itoa.o)
                0x08007f48                __itoa
 .text.itoa     0x08007f78        0x4 c:/ac6/systemworkbench/plugins/fr.ac6.mcu.externaltools.arm-none.win32_1.3.0.201507241045/tools/compiler/bin/../lib/gcc/arm-none-eabi/4.9.3/../../../../arm-none-eabi/lib/armv7e-m/fpu\libc.a(lib_a-itoa.o)
                0x08007f78                itoa
 .text.malloc   0x08007f7c       0x10 c:/ac6/systemworkbench/plugins/fr.ac6.mcu.externaltools.arm-none.win32_1.3.0.201507241045/tools/compiler/bin/../lib/gcc/arm-none-eabi/4.9.3/../../../../arm-none-eabi/lib/armv7e-m/fpu\libc.a(lib_a-malloc.o)
                0x08007f7c                malloc
 .text._malloc_r
                0x08007f8c      0x524 c:/ac6/systemworkbench/plugins/fr.ac6.mcu.externaltools.arm-none.win32_1.3.0.201507241045/tools/compiler/bin/../lib/gcc/arm-none-eabi/4.9.3/../../../../arm-none-eabi/lib/armv7e-m/fpu\libc.a(lib_a-mallocr.o)
                0x08007f8c                _malloc_r
 .text.__malloc_lock
                0x080084b0        0x4 c:/ac6/systemworkbench/plugins/fr.ac6.mcu.externaltools.arm-none.win32_1.3.0.201507241045/tools/compiler/bin/../lib/gcc/arm-none-eabi/4.9.3/../../../../arm-none-eabi/lib/armv7e-m/fpu\libc.a(lib_a-mlock.o)
                0x080084b0                __malloc_lock
 .text.__malloc_unlock
                0x080084b4        0x4 c:/ac6/systemworkbench/plugins/fr.ac6.mcu.externaltools.arm-none.win32_1.3.0.201507241045/tools/compiler/bin/../lib/gcc/arm-none-eabi/4.9.3/../../../../arm-none-eabi/lib/armv7e-m/fpu\libc.a(lib_a-mlock.o)
                0x080084b4                __malloc_unlock
 .text._sbrk_r  0x080084b8       0x24 c:/ac6/systemworkbench/plugins/fr.ac6.mcu.externaltools.arm-none.win32_1.3.0.201507241045/tools/compiler/bin/../lib/gcc/arm-none-eabi/4.9.3/../../../../arm-none-eabi/lib/armv7e-m/fpu\libc.a(lib_a-sbrkr.o)
                0x080084b8                _sbrk_r
 .text.strcat   0x080084dc       0x40 c:/ac6/systemworkbench/plugins/fr.ac6.mcu.externaltools.arm-none.win32_1.3.0.201507241045/tools/compiler/bin/../lib/gcc/arm-none-eabi/4.9.3/../../../../arm-none-eabi/lib/armv7e-m/fpu\libc.a(lib_a-strcat.o)
                0x080084dc                strcat
 .text.strcpy   0x0800851c       0xbc c:/ac6/systemworkbench/plugins/fr.ac6.mcu.externaltools.arm-none.win32_1.3.0.201507241045/tools/compiler/bin/../lib/gcc/arm-none-eabi/4.9.3/../../../../arm-none-eabi/lib/armv7e-m/fpu\libc.a(lib_a-strcpy.o)
                0x0800851c                strcpy
 .text.strlen   0x080085d8       0x5c c:/ac6/systemworkbench/plugins/fr.ac6.mcu.externaltools.arm-none.win32_1.3.0.201507241045/tools/compiler/bin/../lib/gcc/arm-none-eabi/4.9.3/../../../../arm-none-eabi/lib/armv7e-m/fpu\libc.a(lib_a-strlen.o)
                0x080085d8                strlen
 .text.strncpy  0x08008634       0x68 c:/ac6/systemworkbench/plugins/fr.ac6.mcu.externaltools.arm-none.win32_1.3.0.201507241045/tools/compiler/bin/../lib/gcc/arm-none-eabi/4.9.3/../../../../arm-none-eabi/lib/armv7e-m/fpu\libc.a(lib_a-strncpy.o)
                0x08008634                strncpy
 .text.__utoa   0x0800869c       0x80 c:/ac6/systemworkbench/plugins/fr.ac6.mcu.externaltools.arm-none.win32_1.3.0.201507241045/tools/compiler/bin/../lib/gcc/arm-none-eabi/4.9.3/../../../../arm-none-eabi/lib/armv7e-m/fpu\libc.a(lib_a-utoa.o)
                0x0800869c                __utoa
 .text.startup.register_fini
                0x0800871c       0x14 c:/ac6/systemworkbench/plugins/fr.ac6.mcu.externaltools.arm-none.win32_1.3.0.201507241045/tools/compiler/bin/../lib/gcc/arm-none-eabi/4.9.3/../../../../arm-none-eabi/lib/armv7e-m/fpu\libc.a(lib_a-__call_atexit.o)
 .text.atexit   0x08008730        0xc c:/ac6/systemworkbench/plugins/fr.ac6.mcu.externaltools.arm-none.win32_1.3.0.201507241045/tools/compiler/bin/../lib/gcc/arm-none-eabi/4.9.3/../../../../arm-none-eabi/lib/armv7e-m/fpu\libc.a(lib_a-atexit.o)
                0x08008730                atexit
 .text.__libc_fini_array
                0x0800873c       0x2c c:/ac6/systemworkbench/plugins/fr.ac6.mcu.externaltools.arm-none.win32_1.3.0.201507241045/tools/compiler/bin/../lib/gcc/arm-none-eabi/4.9.3/../../../../arm-none-eabi/lib/armv7e-m/fpu\libc.a(lib_a-fini.o)
                0x0800873c                __libc_fini_array
 .text._malloc_trim_r
                0x08008768       0x9c c:/ac6/systemworkbench/plugins/fr.ac6.mcu.externaltools.arm-none.win32_1.3.0.201507241045/tools/compiler/bin/../lib/gcc/arm-none-eabi/4.9.3/../../../../arm-none-eabi/lib/armv7e-m/fpu\libc.a(lib_a-freer.o)
                0x08008768                _malloc_trim_r
 .text._free_r  0x08008804      0x1b0 c:/ac6/systemworkbench/plugins/fr.ac6.mcu.externaltools.arm-none.win32_1.3.0.201507241045/tools/compiler/bin/../lib/gcc/arm-none-eabi/4.9.3/../../../../arm-none-eabi/lib/armv7e-m/fpu\libc.a(lib_a-freer.o)
                0x08008804                _free_r
 .text.__register_exitproc
                0x080089b4       0xa4 c:/ac6/systemworkbench/plugins/fr.ac6.mcu.externaltools.arm-none.win32_1.3.0.201507241045/tools/compiler/bin/../lib/gcc/arm-none-eabi/4.9.3/../../../../arm-none-eabi/lib/armv7e-m/fpu\libc.a(lib_a-__atexit.o)
                0x080089b4                __register_exitproc
 *(.glue_7)
 .glue_7        0x00000000        0x0 linker stubs
 *(.glue_7t)
 .glue_7t       0x00000000        0x0 linker stubs
 *(.eh_frame)
 .eh_frame      0x08008a58        0x0 c:/ac6/systemworkbench/plugins/fr.ac6.mcu.externaltools.arm-none.win32_1.3.0.201507241045/tools/compiler/bin/../lib/gcc/arm-none-eabi/4.9.3/armv7e-m/fpu/crtbegin.o
 *(.init)
 .init          0x08008a58        0x4 c:/ac6/systemworkbench/plugins/fr.ac6.mcu.externaltools.arm-none.win32_1.3.0.201507241045/tools/compiler/bin/../lib/gcc/arm-none-eabi/4.9.3/armv7e-m/fpu/crti.o
                0x08008a58                _init
 .init          0x08008a5c        0x8 c:/ac6/systemworkbench/plugins/fr.ac6.mcu.externaltools.arm-none.win32_1.3.0.201507241045/tools/compiler/bin/../lib/gcc/arm-none-eabi/4.9.3/armv7e-m/fpu/crtn.o
 *(.fini)
 .fini          0x08008a64        0x4 c:/ac6/systemworkbench/plugins/fr.ac6.mcu.externaltools.arm-none.win32_1.3.0.201507241045/tools/compiler/bin/../lib/gcc/arm-none-eabi/4.9.3/armv7e-m/fpu/crti.o
                0x08008a64                _fini
 .fini          0x08008a68        0x8 c:/ac6/systemworkbench/plugins/fr.ac6.mcu.externaltools.arm-none.win32_1.3.0.201507241045/tools/compiler/bin/../lib/gcc/arm-none-eabi/4.9.3/armv7e-m/fpu/crtn.o
                0x08008a70                . = ALIGN (0x4)
                0x08008a70                _etext = .

.vfp11_veneer   0x08008a70        0x0
 .vfp11_veneer  0x00000000        0x0 linker stubs

.v4_bx          0x08008a70        0x0
 .v4_bx         0x00000000        0x0 linker stubs

.iplt           0x08008a70        0x0
 .iplt          0x00000000        0x0 c:/ac6/systemworkbench/plugins/fr.ac6.mcu.externaltools.arm-none.win32_1.3.0.201507241045/tools/compiler/bin/../lib/gcc/arm-none-eabi/4.9.3/armv7e-m/fpu/crtbegin.o

.rodata         0x08008a70     0x29e4
                0x08008a70                . = ALIGN (0x4)
 *(.rodata)
 .rodata        0x08008a70      0x1a0 src/main.o
 .rodata        0x08008c10     0x2814 C:\Users\Seba\Desktop\inz\stm32f429i-disco_stdperiph_lib\Debug\libstm32f429i-disco_stdperiph_lib.a(tm_stm32f4_fonts.o)
                0x08008c10                TM_Font7x10
                0x0800937c                TM_Font11x18
                0x0800a0d8                TM_Font16x26
 *(.rodata*)
 .rodata.str1.4
                0x0800b424        0x2 c:/ac6/systemworkbench/plugins/fr.ac6.mcu.externaltools.arm-none.win32_1.3.0.201507241045/tools/compiler/bin/../lib/gcc/arm-none-eabi/4.9.3/../../../../arm-none-eabi/lib/armv7e-m/fpu\libc.a(lib_a-impure.o)
                                  0x4 (size before relaxing)
 *fill*         0x0800b426        0x2 
 .rodata._global_impure_ptr
                0x0800b428        0x4 c:/ac6/systemworkbench/plugins/fr.ac6.mcu.externaltools.arm-none.win32_1.3.0.201507241045/tools/compiler/bin/../lib/gcc/arm-none-eabi/4.9.3/../../../../arm-none-eabi/lib/armv7e-m/fpu\libc.a(lib_a-impure.o)
                0x0800b428                _global_impure_ptr
 .rodata.str1.4
                0x0800b42c       0x28 c:/ac6/systemworkbench/plugins/fr.ac6.mcu.externaltools.arm-none.win32_1.3.0.201507241045/tools/compiler/bin/../lib/gcc/arm-none-eabi/4.9.3/../../../../arm-none-eabi/lib/armv7e-m/fpu\libc.a(lib_a-utoa.o)
                0x0800b454                . = ALIGN (0x4)

.rel.dyn        0x0800b454        0x0
 .rel.iplt      0x00000000        0x0 c:/ac6/systemworkbench/plugins/fr.ac6.mcu.externaltools.arm-none.win32_1.3.0.201507241045/tools/compiler/bin/../lib/gcc/arm-none-eabi/4.9.3/armv7e-m/fpu/crtbegin.o

.ARM.extab
 *(.ARM.extab* .gnu.linkonce.armextab.*)

.ARM            0x0800b454        0x0
                0x0800b454                __exidx_start = .
 *(.ARM.exidx*)
                0x0800b454                __exidx_end = .

.preinit_array  0x0800b454        0x0
                0x0800b454                PROVIDE (__preinit_array_start, .)
 *(.preinit_array*)
                0x0800b454                PROVIDE (__preinit_array_end, .)

.init_array     0x0800b454        0x8
                0x0800b454                PROVIDE (__init_array_start, .)
 *(SORT(.init_array.*))
 .init_array.00000
                0x0800b454        0x4 c:/ac6/systemworkbench/plugins/fr.ac6.mcu.externaltools.arm-none.win32_1.3.0.201507241045/tools/compiler/bin/../lib/gcc/arm-none-eabi/4.9.3/../../../../arm-none-eabi/lib/armv7e-m/fpu\libc.a(lib_a-__call_atexit.o)
 *(.init_array*)
 .init_array    0x0800b458        0x4 c:/ac6/systemworkbench/plugins/fr.ac6.mcu.externaltools.arm-none.win32_1.3.0.201507241045/tools/compiler/bin/../lib/gcc/arm-none-eabi/4.9.3/armv7e-m/fpu/crtbegin.o
                0x0800b45c                PROVIDE (__init_array_end, .)

.fini_array     0x0800b45c        0x4
                0x0800b45c                PROVIDE (__fini_array_start, .)
 *(SORT(.fini_array.*))
 *(.fini_array*)
 .fini_array    0x0800b45c        0x4 c:/ac6/systemworkbench/plugins/fr.ac6.mcu.externaltools.arm-none.win32_1.3.0.201507241045/tools/compiler/bin/../lib/gcc/arm-none-eabi/4.9.3/armv7e-m/fpu/crtbegin.o
                0x0800b460                PROVIDE (__fini_array_end, .)
                0x0800b460                _sidata = LOADADDR (.data)

.data           0x20000000      0x8bc load address 0x0800b460
                0x20000000                . = ALIGN (0x4)
                0x20000000                _sdata = .
 *(.data)
 .data          0x20000000       0x34 src/main.o
                0x20000000                LastData
                0x20000004                Coordinates2
                0x20000018                SamplingFreq
                0x2000001c                SamplingPause
                0x20000020                SamplingFreqDiscriminant
                0x20000024                Division
                0x20000028                Division1
                0x2000002c                DivisionDiscriminant
                0x2000002f                Menu
                0x20000030                flaga
 .data          0x20000034       0x14 src/system_stm32f4xx.o
                0x20000034                SystemCoreClock
                0x20000038                AHBPrescTable
 .data          0x20000048        0xc src/tm_stm32f4_i2c.o
 .data          0x20000054       0x10 C:\Users\Seba\Desktop\inz\stm32f429i-disco_stdperiph_lib\Debug\libstm32f429i-disco_stdperiph_lib.a(stm32f4xx_rcc.o)
 .data          0x20000064       0x18 C:\Users\Seba\Desktop\inz\stm32f429i-disco_stdperiph_lib\Debug\libstm32f429i-disco_stdperiph_lib.a(tm_stm32f4_fonts.o)
                0x20000064                TM_Font_7x10
                0x2000006c                TM_Font_11x18
                0x20000074                TM_Font_16x26
 *(.data*)
 *fill*         0x2000007c        0x4 
 .data.impure_data
                0x20000080      0x428 c:/ac6/systemworkbench/plugins/fr.ac6.mcu.externaltools.arm-none.win32_1.3.0.201507241045/tools/compiler/bin/../lib/gcc/arm-none-eabi/4.9.3/../../../../arm-none-eabi/lib/armv7e-m/fpu\libc.a(lib_a-impure.o)
 .data._impure_ptr
                0x200004a8        0x4 c:/ac6/systemworkbench/plugins/fr.ac6.mcu.externaltools.arm-none.win32_1.3.0.201507241045/tools/compiler/bin/../lib/gcc/arm-none-eabi/4.9.3/../../../../arm-none-eabi/lib/armv7e-m/fpu\libc.a(lib_a-impure.o)
                0x200004a8                _impure_ptr
 .data.__malloc_av_
                0x200004ac      0x408 c:/ac6/systemworkbench/plugins/fr.ac6.mcu.externaltools.arm-none.win32_1.3.0.201507241045/tools/compiler/bin/../lib/gcc/arm-none-eabi/4.9.3/../../../../arm-none-eabi/lib/armv7e-m/fpu\libc.a(lib_a-mallocr.o)
                0x200004ac                __malloc_av_
 .data.__malloc_trim_threshold
                0x200008b4        0x4 c:/ac6/systemworkbench/plugins/fr.ac6.mcu.externaltools.arm-none.win32_1.3.0.201507241045/tools/compiler/bin/../lib/gcc/arm-none-eabi/4.9.3/../../../../arm-none-eabi/lib/armv7e-m/fpu\libc.a(lib_a-mallocr.o)
                0x200008b4                __malloc_trim_threshold
 .data.__malloc_sbrk_base
                0x200008b8        0x4 c:/ac6/systemworkbench/plugins/fr.ac6.mcu.externaltools.arm-none.win32_1.3.0.201507241045/tools/compiler/bin/../lib/gcc/arm-none-eabi/4.9.3/../../../../arm-none-eabi/lib/armv7e-m/fpu\libc.a(lib_a-mallocr.o)
                0x200008b8                __malloc_sbrk_base
                0x200008bc                . = ALIGN (0x4)
                0x200008bc                _edata = .
                0x0800bd1c                _siccmram = LOADADDR (.ccmram)

.jcr            0x200008bc        0x0 load address 0x0800bd1c
 .jcr           0x200008bc        0x0 c:/ac6/systemworkbench/plugins/fr.ac6.mcu.externaltools.arm-none.win32_1.3.0.201507241045/tools/compiler/bin/../lib/gcc/arm-none-eabi/4.9.3/armv7e-m/fpu/crtbegin.o

.igot.plt       0x200008bc        0x0 load address 0x0800bd1c
 .igot.plt      0x00000000        0x0 c:/ac6/systemworkbench/plugins/fr.ac6.mcu.externaltools.arm-none.win32_1.3.0.201507241045/tools/compiler/bin/../lib/gcc/arm-none-eabi/4.9.3/armv7e-m/fpu/crtbegin.o

.ccmram         0x10000000        0x0 load address 0x0800bd1c
                0x10000000                . = ALIGN (0x4)
                0x10000000                _sccmram = .
 *(.ccmram)
 *(.ccmram*)
                0x10000000                . = ALIGN (0x4)
                0x10000000                _eccmram = .
                0x10000000                . = ALIGN (0x4)

.bss            0x200008bc     0x326c
                0x200008bc                _sbss = .
                0x200008bc                __bss_start__ = _sbss
 *(.bss)
 .bss           0x200008bc       0x1c c:/ac6/systemworkbench/plugins/fr.ac6.mcu.externaltools.arm-none.win32_1.3.0.201507241045/tools/compiler/bin/../lib/gcc/arm-none-eabi/4.9.3/armv7e-m/fpu/crtbegin.o
 .bss           0x200008d8       0x24 src/main.o
                0x200008d8                ChannelChosen
                0x200008da                TriggerChosen
                0x200008dc                MenuLevel
                0x200008de                ChannelFlag
                0x200008df                TriggerFlag
                0x200008e0                FreqFlag
                0x200008e1                DivFlag
                0x200008e2                MeasureFlag
                0x200008e3                Draw
                0x200008e4                IsSignalDrawn
                0x200008e5                FastFreq
                0x200008e6                SlowFreq
                0x200008e7                Download
                0x200008e8                Trigger
                0x200008e9                DownloadFinished
                0x200008ec                StartPosition
                0x200008f0                k
                0x200008f4                SampleCount
                0x200008f8                shift
 .bss           0x200008fc        0x8 src/syscalls.o
                0x200008fc                __env
 .bss           0x20000904        0x4 src/tm_stm32f4_i2c.o
 .bss           0x20000908       0x28 C:\Users\Seba\Desktop\inz\stm32f429i-disco_stdperiph_lib\Debug\libstm32f429i-disco_stdperiph_lib.a(tm_stm32f4_delay.o)
                0x20000908                TM_TimingDelay
                0x2000090c                TM_Time
                0x20000910                TM_Time2
                0x20000914                TM_DELAY_Initialized
 .bss           0x20000930       0x28 C:\Users\Seba\Desktop\inz\stm32f429i-disco_stdperiph_lib\Debug\libstm32f429i-disco_stdperiph_lib.a(tm_stm32f4_dma2d_graphic.o)
 .bss           0x20000958       0x18 C:\Users\Seba\Desktop\inz\stm32f429i-disco_stdperiph_lib\Debug\libstm32f429i-disco_stdperiph_lib.a(tm_stm32f4_gpio.o)
 .bss           0x20000970        0x1 C:\Users\Seba\Desktop\inz\stm32f429i-disco_stdperiph_lib\Debug\libstm32f429i-disco_stdperiph_lib.a(tm_stm32f4_sdram.o)
 *(.bss*)
 *fill*         0x20000971        0x3 
 .bss.__malloc_max_total_mem
                0x20000974        0x4 c:/ac6/systemworkbench/plugins/fr.ac6.mcu.externaltools.arm-none.win32_1.3.0.201507241045/tools/compiler/bin/../lib/gcc/arm-none-eabi/4.9.3/../../../../arm-none-eabi/lib/armv7e-m/fpu\libc.a(lib_a-mallocr.o)
                0x20000974                __malloc_max_total_mem
 .bss.__malloc_max_sbrked_mem
                0x20000978        0x4 c:/ac6/systemworkbench/plugins/fr.ac6.mcu.externaltools.arm-none.win32_1.3.0.201507241045/tools/compiler/bin/../lib/gcc/arm-none-eabi/4.9.3/../../../../arm-none-eabi/lib/armv7e-m/fpu\libc.a(lib_a-mallocr.o)
                0x20000978                __malloc_max_sbrked_mem
 .bss.__malloc_top_pad
                0x2000097c        0x4 c:/ac6/systemworkbench/plugins/fr.ac6.mcu.externaltools.arm-none.win32_1.3.0.201507241045/tools/compiler/bin/../lib/gcc/arm-none-eabi/4.9.3/../../../../arm-none-eabi/lib/armv7e-m/fpu\libc.a(lib_a-mallocr.o)
                0x2000097c                __malloc_top_pad
 .bss.__malloc_current_mallinfo
                0x20000980       0x28 c:/ac6/systemworkbench/plugins/fr.ac6.mcu.externaltools.arm-none.win32_1.3.0.201507241045/tools/compiler/bin/../lib/gcc/arm-none-eabi/4.9.3/../../../../arm-none-eabi/lib/armv7e-m/fpu\libc.a(lib_a-mallocr.o)
                0x20000980                __malloc_current_mallinfo
 *(COMMON)
 COMMON         0x200009a8     0x3146 src/main.o
                0x200009a8                text2
                0x200009b4                TIM_TimeBaseStructure1
                0x200009c0                TIM_TimeBaseStructure
                0x200009cc                GPIO_InitDef
                0x200009d4                NVIC_InitStructure3
                0x200009d8                HSEStartupStatus
                0x200009dc                Channels
                0x200009fc                text1
                0x20000a08                NVIC_InitStructure1
                0x20000a0c                Triggers
                0x20000a34                GPIO_InitDef2
                0x20000a3c                Frequencies
                0x20000a90                touchData
                0x20000a98                Data
                0x20001a98                DataInt
                0x20003a98                GPIO_InitDef1
                0x20003aa0                divisions
                0x20003ab4                TIM_TimeBaseStructure3
                0x20003ac0                text4
                0x20003acc                Bufor
                0x20003ad0                NVIC_InitStructure
                0x20003ad4                text3
                0x20003ae4                text5
 *fill*         0x20003aee        0x2 
 COMMON         0x20003af0       0x1c C:\Users\Seba\Desktop\inz\stm32f429i-disco_stdperiph_lib\Debug\libstm32f429i-disco_stdperiph_lib.a(tm_stm32f4_dma2d_graphic.o)
                0x20003af0                DIS
 COMMON         0x20003b0c       0x16 C:\Users\Seba\Desktop\inz\stm32f429i-disco_stdperiph_lib\Debug\libstm32f429i-disco_stdperiph_lib.a(tm_stm32f4_ili9341_ltdc.o)
                0x20003b0c                ILI9341_x
                0x20003b10                ILI9341_Opts
                0x20003b20                ILI9341_y
 *fill*         0x20003b22        0x2 
 COMMON         0x20003b24        0x4 c:/ac6/systemworkbench/plugins/fr.ac6.mcu.externaltools.arm-none.win32_1.3.0.201507241045/tools/compiler/bin/../lib/gcc/arm-none-eabi/4.9.3/../../../../arm-none-eabi/lib/armv7e-m/fpu\libc.a(lib_a-reent.o)
                0x20003b24                errno
                0x20003b28                . = ALIGN (0x4)
                0x20003b28                _ebss = .
                0x20003b28                __bss_end__ = _ebss

._user_heap_stack
                0x20003b28      0x600
                0x20003b28                . = ALIGN (0x8)
                0x20003b28                PROVIDE (end, .)
                0x20003b28                PROVIDE (_end, .)
                0x20003d28                . = (. + _Min_Heap_Size)
 *fill*         0x20003b28      0x200 
                0x20004128                . = (. + _Min_Stack_Size)
 *fill*         0x20003d28      0x400 
                0x20004128                . = ALIGN (0x8)

/DISCARD/
 libc.a(*)
 libm.a(*)
 libgcc.a(*)

.ARM.attributes
                0x00000000       0x30
 *(.ARM.attributes)
 .ARM.attributes
                0x00000000       0x22 c:/ac6/systemworkbench/plugins/fr.ac6.mcu.externaltools.arm-none.win32_1.3.0.201507241045/tools/compiler/bin/../lib/gcc/arm-none-eabi/4.9.3/armv7e-m/fpu/crti.o
 .ARM.attributes
                0x00000022       0x34 c:/ac6/systemworkbench/plugins/fr.ac6.mcu.externaltools.arm-none.win32_1.3.0.201507241045/tools/compiler/bin/../lib/gcc/arm-none-eabi/4.9.3/armv7e-m/fpu/crtbegin.o
 .ARM.attributes
                0x00000056       0x21 startup/startup_stm32f429_439xx.o
 .ARM.attributes
                0x00000077       0x39 src/main.o
 .ARM.attributes
                0x000000b0       0x39 src/syscalls.o
 .ARM.attributes
                0x000000e9       0x39 src/system_stm32f4xx.o
 .ARM.attributes
                0x00000122       0x39 src/tm_stm32f4_i2c.o
 .ARM.attributes
                0x0000015b       0x39 src/tm_stm32f4_stmpe811.o
 .ARM.attributes
                0x00000194       0x39 C:\Users\Seba\Desktop\inz\stm32f429i-disco_stdperiph_lib\Debug\libstm32f429i-disco_stdperiph_lib.a(misc.o)
 .ARM.attributes
                0x000001cd       0x39 C:\Users\Seba\Desktop\inz\stm32f429i-disco_stdperiph_lib\Debug\libstm32f429i-disco_stdperiph_lib.a(stm32f4xx_flash.o)
 .ARM.attributes
                0x00000206       0x39 C:\Users\Seba\Desktop\inz\stm32f429i-disco_stdperiph_lib\Debug\libstm32f429i-disco_stdperiph_lib.a(stm32f4xx_gpio.o)
 .ARM.attributes
                0x0000023f       0x39 C:\Users\Seba\Desktop\inz\stm32f429i-disco_stdperiph_lib\Debug\libstm32f429i-disco_stdperiph_lib.a(stm32f4xx_i2c.o)
 .ARM.attributes
                0x00000278       0x39 C:\Users\Seba\Desktop\inz\stm32f429i-disco_stdperiph_lib\Debug\libstm32f429i-disco_stdperiph_lib.a(stm32f4xx_rcc.o)
 .ARM.attributes
                0x000002b1       0x39 C:\Users\Seba\Desktop\inz\stm32f429i-disco_stdperiph_lib\Debug\libstm32f429i-disco_stdperiph_lib.a(stm32f4xx_tim.o)
 .ARM.attributes
                0x000002ea       0x39 C:\Users\Seba\Desktop\inz\stm32f429i-disco_stdperiph_lib\Debug\libstm32f429i-disco_stdperiph_lib.a(tm_stm32f4_delay.o)
 .ARM.attributes
                0x00000323       0x39 C:\Users\Seba\Desktop\inz\stm32f429i-disco_stdperiph_lib\Debug\libstm32f429i-disco_stdperiph_lib.a(tm_stm32f4_dma2d_graphic.o)
 .ARM.attributes
                0x0000035c       0x39 C:\Users\Seba\Desktop\inz\stm32f429i-disco_stdperiph_lib\Debug\libstm32f429i-disco_stdperiph_lib.a(tm_stm32f4_fonts.o)
 .ARM.attributes
                0x00000395       0x39 C:\Users\Seba\Desktop\inz\stm32f429i-disco_stdperiph_lib\Debug\libstm32f429i-disco_stdperiph_lib.a(tm_stm32f4_gpio.o)
 .ARM.attributes
                0x000003ce       0x39 C:\Users\Seba\Desktop\inz\stm32f429i-disco_stdperiph_lib\Debug\libstm32f429i-disco_stdperiph_lib.a(tm_stm32f4_ili9341_ltdc.o)
 .ARM.attributes
                0x00000407       0x39 C:\Users\Seba\Desktop\inz\stm32f429i-disco_stdperiph_lib\Debug\libstm32f429i-disco_stdperiph_lib.a(tm_stm32f4_sdram.o)
 .ARM.attributes
                0x00000440       0x39 C:\Users\Seba\Desktop\inz\stm32f429i-disco_stdperiph_lib\Debug\libstm32f429i-disco_stdperiph_lib.a(tm_stm32f4_spi.o)
 .ARM.attributes
                0x00000479       0x39 C:\Users\Seba\Desktop\inz\stm32f429i-disco_stdperiph_lib\Debug\libstm32f429i-disco_stdperiph_lib.a(tm_stm32f4_timer_properties.o)
 .ARM.attributes
                0x000004b2       0x39 C:\Users\Seba\Desktop\inz\stm32f429i-disco_stdperiph_lib\Debug\libstm32f429i-disco_stdperiph_lib.a(stm32f4xx_dma2d.o)
 .ARM.attributes
                0x000004eb       0x39 C:\Users\Seba\Desktop\inz\stm32f429i-disco_stdperiph_lib\Debug\libstm32f429i-disco_stdperiph_lib.a(stm32f4xx_fmc.o)
 .ARM.attributes
                0x00000524       0x39 C:\Users\Seba\Desktop\inz\stm32f429i-disco_stdperiph_lib\Debug\libstm32f429i-disco_stdperiph_lib.a(stm32f4xx_ltdc.o)
 .ARM.attributes
                0x0000055d       0x39 C:\Users\Seba\Desktop\inz\stm32f429i-disco_stdperiph_lib\Debug\libstm32f429i-disco_stdperiph_lib.a(stm32f4xx_spi.o)
 .ARM.attributes
                0x00000596       0x22 c:/ac6/systemworkbench/plugins/fr.ac6.mcu.externaltools.arm-none.win32_1.3.0.201507241045/tools/compiler/bin/../lib/gcc/arm-none-eabi/4.9.3/armv7e-m/fpu\libgcc.a(_arm_addsubdf3.o)
 .ARM.attributes
                0x000005b8       0x22 c:/ac6/systemworkbench/plugins/fr.ac6.mcu.externaltools.arm-none.win32_1.3.0.201507241045/tools/compiler/bin/../lib/gcc/arm-none-eabi/4.9.3/armv7e-m/fpu\libgcc.a(_arm_muldivdf3.o)
 .ARM.attributes
                0x000005da       0x22 c:/ac6/systemworkbench/plugins/fr.ac6.mcu.externaltools.arm-none.win32_1.3.0.201507241045/tools/compiler/bin/../lib/gcc/arm-none-eabi/4.9.3/armv7e-m/fpu\libgcc.a(_arm_cmpdf2.o)
 .ARM.attributes
                0x000005fc       0x22 c:/ac6/systemworkbench/plugins/fr.ac6.mcu.externaltools.arm-none.win32_1.3.0.201507241045/tools/compiler/bin/../lib/gcc/arm-none-eabi/4.9.3/armv7e-m/fpu\libgcc.a(_arm_fixunsdfsi.o)
 .ARM.attributes
                0x0000061e       0x34 c:/ac6/systemworkbench/plugins/fr.ac6.mcu.externaltools.arm-none.win32_1.3.0.201507241045/tools/compiler/bin/../lib/gcc/arm-none-eabi/4.9.3/../../../../arm-none-eabi/lib/armv7e-m/fpu\libc.a(lib_a-errno.o)
 .ARM.attributes
                0x00000652       0x34 c:/ac6/systemworkbench/plugins/fr.ac6.mcu.externaltools.arm-none.win32_1.3.0.201507241045/tools/compiler/bin/../lib/gcc/arm-none-eabi/4.9.3/../../../../arm-none-eabi/lib/armv7e-m/fpu\libc.a(lib_a-impure.o)
 .ARM.attributes
                0x00000686       0x34 c:/ac6/systemworkbench/plugins/fr.ac6.mcu.externaltools.arm-none.win32_1.3.0.201507241045/tools/compiler/bin/../lib/gcc/arm-none-eabi/4.9.3/../../../../arm-none-eabi/lib/armv7e-m/fpu\libc.a(lib_a-init.o)
 .ARM.attributes
                0x000006ba       0x34 c:/ac6/systemworkbench/plugins/fr.ac6.mcu.externaltools.arm-none.win32_1.3.0.201507241045/tools/compiler/bin/../lib/gcc/arm-none-eabi/4.9.3/../../../../arm-none-eabi/lib/armv7e-m/fpu\libc.a(lib_a-itoa.o)
 .ARM.attributes
                0x000006ee       0x34 c:/ac6/systemworkbench/plugins/fr.ac6.mcu.externaltools.arm-none.win32_1.3.0.201507241045/tools/compiler/bin/../lib/gcc/arm-none-eabi/4.9.3/../../../../arm-none-eabi/lib/armv7e-m/fpu\libc.a(lib_a-malloc.o)
 .ARM.attributes
                0x00000722       0x34 c:/ac6/systemworkbench/plugins/fr.ac6.mcu.externaltools.arm-none.win32_1.3.0.201507241045/tools/compiler/bin/../lib/gcc/arm-none-eabi/4.9.3/../../../../arm-none-eabi/lib/armv7e-m/fpu\libc.a(lib_a-mallocr.o)
 .ARM.attributes
                0x00000756       0x34 c:/ac6/systemworkbench/plugins/fr.ac6.mcu.externaltools.arm-none.win32_1.3.0.201507241045/tools/compiler/bin/../lib/gcc/arm-none-eabi/4.9.3/../../../../arm-none-eabi/lib/armv7e-m/fpu\libc.a(lib_a-mlock.o)
 .ARM.attributes
                0x0000078a       0x34 c:/ac6/systemworkbench/plugins/fr.ac6.mcu.externaltools.arm-none.win32_1.3.0.201507241045/tools/compiler/bin/../lib/gcc/arm-none-eabi/4.9.3/../../../../arm-none-eabi/lib/armv7e-m/fpu\libc.a(lib_a-sbrkr.o)
 .ARM.attributes
                0x000007be       0x34 c:/ac6/systemworkbench/plugins/fr.ac6.mcu.externaltools.arm-none.win32_1.3.0.201507241045/tools/compiler/bin/../lib/gcc/arm-none-eabi/4.9.3/../../../../arm-none-eabi/lib/armv7e-m/fpu\libc.a(lib_a-strcat.o)
 .ARM.attributes
                0x000007f2       0x34 c:/ac6/systemworkbench/plugins/fr.ac6.mcu.externaltools.arm-none.win32_1.3.0.201507241045/tools/compiler/bin/../lib/gcc/arm-none-eabi/4.9.3/../../../../arm-none-eabi/lib/armv7e-m/fpu\libc.a(lib_a-strcpy.o)
 .ARM.attributes
                0x00000826       0x34 c:/ac6/systemworkbench/plugins/fr.ac6.mcu.externaltools.arm-none.win32_1.3.0.201507241045/tools/compiler/bin/../lib/gcc/arm-none-eabi/4.9.3/../../../../arm-none-eabi/lib/armv7e-m/fpu\libc.a(lib_a-strlen.o)
 .ARM.attributes
                0x0000085a       0x34 c:/ac6/systemworkbench/plugins/fr.ac6.mcu.externaltools.arm-none.win32_1.3.0.201507241045/tools/compiler/bin/../lib/gcc/arm-none-eabi/4.9.3/../../../../arm-none-eabi/lib/armv7e-m/fpu\libc.a(lib_a-strncpy.o)
 .ARM.attributes
                0x0000088e       0x34 c:/ac6/systemworkbench/plugins/fr.ac6.mcu.externaltools.arm-none.win32_1.3.0.201507241045/tools/compiler/bin/../lib/gcc/arm-none-eabi/4.9.3/../../../../arm-none-eabi/lib/armv7e-m/fpu\libc.a(lib_a-utoa.o)
 .ARM.attributes
                0x000008c2       0x34 c:/ac6/systemworkbench/plugins/fr.ac6.mcu.externaltools.arm-none.win32_1.3.0.201507241045/tools/compiler/bin/../lib/gcc/arm-none-eabi/4.9.3/../../../../arm-none-eabi/lib/armv7e-m/fpu\libc.a(lib_a-__call_atexit.o)
 .ARM.attributes
                0x000008f6       0x34 c:/ac6/systemworkbench/plugins/fr.ac6.mcu.externaltools.arm-none.win32_1.3.0.201507241045/tools/compiler/bin/../lib/gcc/arm-none-eabi/4.9.3/../../../../arm-none-eabi/lib/armv7e-m/fpu\libc.a(lib_a-atexit.o)
 .ARM.attributes
                0x0000092a       0x34 c:/ac6/systemworkbench/plugins/fr.ac6.mcu.externaltools.arm-none.win32_1.3.0.201507241045/tools/compiler/bin/../lib/gcc/arm-none-eabi/4.9.3/../../../../arm-none-eabi/lib/armv7e-m/fpu\libc.a(lib_a-fini.o)
 .ARM.attributes
                0x0000095e       0x34 c:/ac6/systemworkbench/plugins/fr.ac6.mcu.externaltools.arm-none.win32_1.3.0.201507241045/tools/compiler/bin/../lib/gcc/arm-none-eabi/4.9.3/../../../../arm-none-eabi/lib/armv7e-m/fpu\libc.a(lib_a-freer.o)
 .ARM.attributes
                0x00000992       0x34 c:/ac6/systemworkbench/plugins/fr.ac6.mcu.externaltools.arm-none.win32_1.3.0.201507241045/tools/compiler/bin/../lib/gcc/arm-none-eabi/4.9.3/../../../../arm-none-eabi/lib/armv7e-m/fpu\libc.a(lib_a-reent.o)
 .ARM.attributes
                0x000009c6       0x34 c:/ac6/systemworkbench/plugins/fr.ac6.mcu.externaltools.arm-none.win32_1.3.0.201507241045/tools/compiler/bin/../lib/gcc/arm-none-eabi/4.9.3/../../../../arm-none-eabi/lib/armv7e-m/fpu\libc.a(lib_a-__atexit.o)
 .ARM.attributes
                0x000009fa       0x22 c:/ac6/systemworkbench/plugins/fr.ac6.mcu.externaltools.arm-none.win32_1.3.0.201507241045/tools/compiler/bin/../lib/gcc/arm-none-eabi/4.9.3/armv7e-m/fpu/crtn.o
OUTPUT(PracaINZallinone.elf elf32-littlearm)

.debug_line     0x00000000     0xd23c
 .debug_line    0x00000000       0x81 startup/startup_stm32f429_439xx.o
 .debug_line    0x00000081     0x1110 src/main.o
 .debug_line    0x00001191      0x526 src/syscalls.o
 .debug_line    0x000016b7      0x6a7 src/system_stm32f4xx.o
 .debug_line    0x00001d5e      0x891 src/tm_stm32f4_i2c.o
 .debug_line    0x000025ef      0x8b5 src/tm_stm32f4_stmpe811.o
 .debug_line    0x00002ea4      0x67d C:\Users\Seba\Desktop\inz\stm32f429i-disco_stdperiph_lib\Debug\libstm32f429i-disco_stdperiph_lib.a(misc.o)
 .debug_line    0x00003521      0x9a2 C:\Users\Seba\Desktop\inz\stm32f429i-disco_stdperiph_lib\Debug\libstm32f429i-disco_stdperiph_lib.a(stm32f4xx_flash.o)
 .debug_line    0x00003ec3      0x777 C:\Users\Seba\Desktop\inz\stm32f429i-disco_stdperiph_lib\Debug\libstm32f429i-disco_stdperiph_lib.a(stm32f4xx_gpio.o)
 .debug_line    0x0000463a      0x921 C:\Users\Seba\Desktop\inz\stm32f429i-disco_stdperiph_lib\Debug\libstm32f429i-disco_stdperiph_lib.a(stm32f4xx_i2c.o)
 .debug_line    0x00004f5b      0xa77 C:\Users\Seba\Desktop\inz\stm32f429i-disco_stdperiph_lib\Debug\libstm32f429i-disco_stdperiph_lib.a(stm32f4xx_rcc.o)
 .debug_line    0x000059d2      0xe99 C:\Users\Seba\Desktop\inz\stm32f429i-disco_stdperiph_lib\Debug\libstm32f429i-disco_stdperiph_lib.a(stm32f4xx_tim.o)
 .debug_line    0x0000686b      0x86e C:\Users\Seba\Desktop\inz\stm32f429i-disco_stdperiph_lib\Debug\libstm32f429i-disco_stdperiph_lib.a(tm_stm32f4_delay.o)
 .debug_line    0x000070d9      0xaaf C:\Users\Seba\Desktop\inz\stm32f429i-disco_stdperiph_lib\Debug\libstm32f429i-disco_stdperiph_lib.a(tm_stm32f4_dma2d_graphic.o)
 .debug_line    0x00007b88      0x6df C:\Users\Seba\Desktop\inz\stm32f429i-disco_stdperiph_lib\Debug\libstm32f429i-disco_stdperiph_lib.a(tm_stm32f4_fonts.o)
 .debug_line    0x00008267      0x80d C:\Users\Seba\Desktop\inz\stm32f429i-disco_stdperiph_lib\Debug\libstm32f429i-disco_stdperiph_lib.a(tm_stm32f4_gpio.o)
 .debug_line    0x00008a74      0xcdd C:\Users\Seba\Desktop\inz\stm32f429i-disco_stdperiph_lib\Debug\libstm32f429i-disco_stdperiph_lib.a(tm_stm32f4_ili9341_ltdc.o)
 .debug_line    0x00009751      0x719 C:\Users\Seba\Desktop\inz\stm32f429i-disco_stdperiph_lib\Debug\libstm32f429i-disco_stdperiph_lib.a(tm_stm32f4_sdram.o)
 .debug_line    0x00009e6a      0x958 C:\Users\Seba\Desktop\inz\stm32f429i-disco_stdperiph_lib\Debug\libstm32f429i-disco_stdperiph_lib.a(tm_stm32f4_spi.o)
 .debug_line    0x0000a7c2      0x721 C:\Users\Seba\Desktop\inz\stm32f429i-disco_stdperiph_lib\Debug\libstm32f429i-disco_stdperiph_lib.a(tm_stm32f4_timer_properties.o)
 .debug_line    0x0000aee3      0x801 C:\Users\Seba\Desktop\inz\stm32f429i-disco_stdperiph_lib\Debug\libstm32f429i-disco_stdperiph_lib.a(stm32f4xx_dma2d.o)
 .debug_line    0x0000b6e4      0x99e C:\Users\Seba\Desktop\inz\stm32f429i-disco_stdperiph_lib\Debug\libstm32f429i-disco_stdperiph_lib.a(stm32f4xx_fmc.o)
 .debug_line    0x0000c082      0x930 C:\Users\Seba\Desktop\inz\stm32f429i-disco_stdperiph_lib\Debug\libstm32f429i-disco_stdperiph_lib.a(stm32f4xx_ltdc.o)
 .debug_line    0x0000c9b2      0x88a C:\Users\Seba\Desktop\inz\stm32f429i-disco_stdperiph_lib\Debug\libstm32f429i-disco_stdperiph_lib.a(stm32f4xx_spi.o)

.debug_info     0x00000000     0xf2ea
 .debug_info    0x00000000       0x7a startup/startup_stm32f429_439xx.o
 .debug_info    0x0000007a     0x1376 src/main.o
 .debug_info    0x000013f0      0x660 src/syscalls.o
 .debug_info    0x00001a50      0x5c1 src/system_stm32f4xx.o
 .debug_info    0x00002011      0xa5f src/tm_stm32f4_i2c.o
 .debug_info    0x00002a70      0x50d src/tm_stm32f4_stmpe811.o
 .debug_info    0x00002f7d      0x545 C:\Users\Seba\Desktop\inz\stm32f429i-disco_stdperiph_lib\Debug\libstm32f429i-disco_stdperiph_lib.a(misc.o)
 .debug_info    0x000034c2      0x936 C:\Users\Seba\Desktop\inz\stm32f429i-disco_stdperiph_lib\Debug\libstm32f429i-disco_stdperiph_lib.a(stm32f4xx_flash.o)
 .debug_info    0x00003df8      0x60d C:\Users\Seba\Desktop\inz\stm32f429i-disco_stdperiph_lib\Debug\libstm32f429i-disco_stdperiph_lib.a(stm32f4xx_gpio.o)
 .debug_info    0x00004405      0xb8f C:\Users\Seba\Desktop\inz\stm32f429i-disco_stdperiph_lib\Debug\libstm32f429i-disco_stdperiph_lib.a(stm32f4xx_i2c.o)
 .debug_info    0x00004f94      0xe19 C:\Users\Seba\Desktop\inz\stm32f429i-disco_stdperiph_lib\Debug\libstm32f429i-disco_stdperiph_lib.a(stm32f4xx_rcc.o)
 .debug_info    0x00005dad     0x1c69 C:\Users\Seba\Desktop\inz\stm32f429i-disco_stdperiph_lib\Debug\libstm32f429i-disco_stdperiph_lib.a(stm32f4xx_tim.o)
 .debug_info    0x00007a16      0xa38 C:\Users\Seba\Desktop\inz\stm32f429i-disco_stdperiph_lib\Debug\libstm32f429i-disco_stdperiph_lib.a(tm_stm32f4_delay.o)
 .debug_info    0x0000844e     0x1054 C:\Users\Seba\Desktop\inz\stm32f429i-disco_stdperiph_lib\Debug\libstm32f429i-disco_stdperiph_lib.a(tm_stm32f4_dma2d_graphic.o)
 .debug_info    0x000094a2      0x245 C:\Users\Seba\Desktop\inz\stm32f429i-disco_stdperiph_lib\Debug\libstm32f429i-disco_stdperiph_lib.a(tm_stm32f4_fonts.o)
 .debug_info    0x000096e7      0x83f C:\Users\Seba\Desktop\inz\stm32f429i-disco_stdperiph_lib\Debug\libstm32f429i-disco_stdperiph_lib.a(tm_stm32f4_gpio.o)
 .debug_info    0x00009f26     0x11ee C:\Users\Seba\Desktop\inz\stm32f429i-disco_stdperiph_lib\Debug\libstm32f429i-disco_stdperiph_lib.a(tm_stm32f4_ili9341_ltdc.o)
 .debug_info    0x0000b114      0x5a1 C:\Users\Seba\Desktop\inz\stm32f429i-disco_stdperiph_lib\Debug\libstm32f429i-disco_stdperiph_lib.a(tm_stm32f4_sdram.o)
 .debug_info    0x0000b6b5      0xadc C:\Users\Seba\Desktop\inz\stm32f429i-disco_stdperiph_lib\Debug\libstm32f429i-disco_stdperiph_lib.a(tm_stm32f4_spi.o)
 .debug_info    0x0000c191      0x481 C:\Users\Seba\Desktop\inz\stm32f429i-disco_stdperiph_lib\Debug\libstm32f429i-disco_stdperiph_lib.a(tm_stm32f4_timer_properties.o)
 .debug_info    0x0000c612      0x821 C:\Users\Seba\Desktop\inz\stm32f429i-disco_stdperiph_lib\Debug\libstm32f429i-disco_stdperiph_lib.a(stm32f4xx_dma2d.o)
 .debug_info    0x0000ce33      0xc8e C:\Users\Seba\Desktop\inz\stm32f429i-disco_stdperiph_lib\Debug\libstm32f429i-disco_stdperiph_lib.a(stm32f4xx_fmc.o)
 .debug_info    0x0000dac1      0xd00 C:\Users\Seba\Desktop\inz\stm32f429i-disco_stdperiph_lib\Debug\libstm32f429i-disco_stdperiph_lib.a(stm32f4xx_ltdc.o)
 .debug_info    0x0000e7c1      0xb29 C:\Users\Seba\Desktop\inz\stm32f429i-disco_stdperiph_lib\Debug\libstm32f429i-disco_stdperiph_lib.a(stm32f4xx_spi.o)

.debug_abbrev   0x00000000     0x2574
 .debug_abbrev  0x00000000       0x12 startup/startup_stm32f429_439xx.o
 .debug_abbrev  0x00000012      0x272 src/main.o
 .debug_abbrev  0x00000284      0x174 src/syscalls.o
 .debug_abbrev  0x000003f8      0x13b src/system_stm32f4xx.o
 .debug_abbrev  0x00000533      0x1d3 src/tm_stm32f4_i2c.o
 .debug_abbrev  0x00000706      0x207 src/tm_stm32f4_stmpe811.o
 .debug_abbrev  0x0000090d      0x14a C:\Users\Seba\Desktop\inz\stm32f429i-disco_stdperiph_lib\Debug\libstm32f429i-disco_stdperiph_lib.a(misc.o)
 .debug_abbrev  0x00000a57      0x19b C:\Users\Seba\Desktop\inz\stm32f429i-disco_stdperiph_lib\Debug\libstm32f429i-disco_stdperiph_lib.a(stm32f4xx_flash.o)
 .debug_abbrev  0x00000bf2      0x1a8 C:\Users\Seba\Desktop\inz\stm32f429i-disco_stdperiph_lib\Debug\libstm32f429i-disco_stdperiph_lib.a(stm32f4xx_gpio.o)
 .debug_abbrev  0x00000d9a      0x169 C:\Users\Seba\Desktop\inz\stm32f429i-disco_stdperiph_lib\Debug\libstm32f429i-disco_stdperiph_lib.a(stm32f4xx_i2c.o)
 .debug_abbrev  0x00000f03      0x1bf C:\Users\Seba\Desktop\inz\stm32f429i-disco_stdperiph_lib\Debug\libstm32f429i-disco_stdperiph_lib.a(stm32f4xx_rcc.o)
 .debug_abbrev  0x000010c2      0x18c C:\Users\Seba\Desktop\inz\stm32f429i-disco_stdperiph_lib\Debug\libstm32f429i-disco_stdperiph_lib.a(stm32f4xx_tim.o)
 .debug_abbrev  0x0000124e      0x269 C:\Users\Seba\Desktop\inz\stm32f429i-disco_stdperiph_lib\Debug\libstm32f429i-disco_stdperiph_lib.a(tm_stm32f4_delay.o)
 .debug_abbrev  0x000014b7      0x23b C:\Users\Seba\Desktop\inz\stm32f429i-disco_stdperiph_lib\Debug\libstm32f429i-disco_stdperiph_lib.a(tm_stm32f4_dma2d_graphic.o)
 .debug_abbrev  0x000016f2       0xec C:\Users\Seba\Desktop\inz\stm32f429i-disco_stdperiph_lib\Debug\libstm32f429i-disco_stdperiph_lib.a(tm_stm32f4_fonts.o)
 .debug_abbrev  0x000017de      0x154 C:\Users\Seba\Desktop\inz\stm32f429i-disco_stdperiph_lib\Debug\libstm32f429i-disco_stdperiph_lib.a(tm_stm32f4_gpio.o)
 .debug_abbrev  0x00001932      0x1d7 C:\Users\Seba\Desktop\inz\stm32f429i-disco_stdperiph_lib\Debug\libstm32f429i-disco_stdperiph_lib.a(tm_stm32f4_ili9341_ltdc.o)
 .debug_abbrev  0x00001b09      0x148 C:\Users\Seba\Desktop\inz\stm32f429i-disco_stdperiph_lib\Debug\libstm32f429i-disco_stdperiph_lib.a(tm_stm32f4_sdram.o)
 .debug_abbrev  0x00001c51      0x1e9 C:\Users\Seba\Desktop\inz\stm32f429i-disco_stdperiph_lib\Debug\libstm32f429i-disco_stdperiph_lib.a(tm_stm32f4_spi.o)
 .debug_abbrev  0x00001e3a      0x10c C:\Users\Seba\Desktop\inz\stm32f429i-disco_stdperiph_lib\Debug\libstm32f429i-disco_stdperiph_lib.a(tm_stm32f4_timer_properties.o)
 .debug_abbrev  0x00001f46      0x1ab C:\Users\Seba\Desktop\inz\stm32f429i-disco_stdperiph_lib\Debug\libstm32f429i-disco_stdperiph_lib.a(stm32f4xx_dma2d.o)
 .debug_abbrev  0x000020f1      0x184 C:\Users\Seba\Desktop\inz\stm32f429i-disco_stdperiph_lib\Debug\libstm32f429i-disco_stdperiph_lib.a(stm32f4xx_fmc.o)
 .debug_abbrev  0x00002275      0x193 C:\Users\Seba\Desktop\inz\stm32f429i-disco_stdperiph_lib\Debug\libstm32f429i-disco_stdperiph_lib.a(stm32f4xx_ltdc.o)
 .debug_abbrev  0x00002408      0x16c C:\Users\Seba\Desktop\inz\stm32f429i-disco_stdperiph_lib\Debug\libstm32f429i-disco_stdperiph_lib.a(stm32f4xx_spi.o)

.debug_aranges  0x00000000     0x12d8
 .debug_aranges
                0x00000000       0x28 startup/startup_stm32f429_439xx.o
 .debug_aranges
                0x00000028      0x108 src/main.o
 .debug_aranges
                0x00000130       0xb0 src/syscalls.o
 .debug_aranges
                0x000001e0       0x30 src/system_stm32f4xx.o
 .debug_aranges
                0x00000210       0xa8 src/tm_stm32f4_i2c.o
 .debug_aranges
                0x000002b8       0x48 src/tm_stm32f4_stmpe811.o
 .debug_aranges
                0x00000300       0x40 C:\Users\Seba\Desktop\inz\stm32f429i-disco_stdperiph_lib\Debug\libstm32f429i-disco_stdperiph_lib.a(misc.o)
 .debug_aranges
                0x00000340      0x158 C:\Users\Seba\Desktop\inz\stm32f429i-disco_stdperiph_lib\Debug\libstm32f429i-disco_stdperiph_lib.a(stm32f4xx_flash.o)
 .debug_aranges
                0x00000498       0x88 C:\Users\Seba\Desktop\inz\stm32f429i-disco_stdperiph_lib\Debug\libstm32f429i-disco_stdperiph_lib.a(stm32f4xx_gpio.o)
 .debug_aranges
                0x00000520      0x130 C:\Users\Seba\Desktop\inz\stm32f429i-disco_stdperiph_lib\Debug\libstm32f429i-disco_stdperiph_lib.a(stm32f4xx_i2c.o)
 .debug_aranges
                0x00000650      0x1b8 C:\Users\Seba\Desktop\inz\stm32f429i-disco_stdperiph_lib\Debug\libstm32f429i-disco_stdperiph_lib.a(stm32f4xx_rcc.o)
 .debug_aranges
                0x00000808      0x2f8 C:\Users\Seba\Desktop\inz\stm32f429i-disco_stdperiph_lib\Debug\libstm32f429i-disco_stdperiph_lib.a(stm32f4xx_tim.o)
 .debug_aranges
                0x00000b00       0x78 C:\Users\Seba\Desktop\inz\stm32f429i-disco_stdperiph_lib\Debug\libstm32f429i-disco_stdperiph_lib.a(tm_stm32f4_delay.o)
 .debug_aranges
                0x00000b78       0xe8 C:\Users\Seba\Desktop\inz\stm32f429i-disco_stdperiph_lib\Debug\libstm32f429i-disco_stdperiph_lib.a(tm_stm32f4_dma2d_graphic.o)
 .debug_aranges
                0x00000c60       0x20 C:\Users\Seba\Desktop\inz\stm32f429i-disco_stdperiph_lib\Debug\libstm32f429i-disco_stdperiph_lib.a(tm_stm32f4_fonts.o)
 .debug_aranges
                0x00000c80       0x98 C:\Users\Seba\Desktop\inz\stm32f429i-disco_stdperiph_lib\Debug\libstm32f429i-disco_stdperiph_lib.a(tm_stm32f4_gpio.o)
 .debug_aranges
                0x00000d18      0x128 C:\Users\Seba\Desktop\inz\stm32f429i-disco_stdperiph_lib\Debug\libstm32f429i-disco_stdperiph_lib.a(tm_stm32f4_ili9341_ltdc.o)
 .debug_aranges
                0x00000e40       0x30 C:\Users\Seba\Desktop\inz\stm32f429i-disco_stdperiph_lib\Debug\libstm32f429i-disco_stdperiph_lib.a(tm_stm32f4_sdram.o)
 .debug_aranges
                0x00000e70       0xa8 C:\Users\Seba\Desktop\inz\stm32f429i-disco_stdperiph_lib\Debug\libstm32f429i-disco_stdperiph_lib.a(tm_stm32f4_spi.o)
 .debug_aranges
                0x00000f18       0x38 C:\Users\Seba\Desktop\inz\stm32f429i-disco_stdperiph_lib\Debug\libstm32f429i-disco_stdperiph_lib.a(tm_stm32f4_timer_properties.o)
 .debug_aranges
                0x00000f50       0xb0 C:\Users\Seba\Desktop\inz\stm32f429i-disco_stdperiph_lib\Debug\libstm32f429i-disco_stdperiph_lib.a(stm32f4xx_dma2d.o)
 .debug_aranges
                0x00001000       0xf0 C:\Users\Seba\Desktop\inz\stm32f429i-disco_stdperiph_lib\Debug\libstm32f429i-disco_stdperiph_lib.a(stm32f4xx_fmc.o)
 .debug_aranges
                0x000010f0      0x108 C:\Users\Seba\Desktop\inz\stm32f429i-disco_stdperiph_lib\Debug\libstm32f429i-disco_stdperiph_lib.a(stm32f4xx_ltdc.o)
 .debug_aranges
                0x000011f8       0xe0 C:\Users\Seba\Desktop\inz\stm32f429i-disco_stdperiph_lib\Debug\libstm32f429i-disco_stdperiph_lib.a(stm32f4xx_spi.o)

.debug_ranges   0x00000000     0x1160
 .debug_ranges  0x00000000       0x20 startup/startup_stm32f429_439xx.o
 .debug_ranges  0x00000020       0xf8 src/main.o
 .debug_ranges  0x00000118       0xa0 src/syscalls.o
 .debug_ranges  0x000001b8       0x20 src/system_stm32f4xx.o
 .debug_ranges  0x000001d8       0x98 src/tm_stm32f4_i2c.o
 .debug_ranges  0x00000270       0x38 src/tm_stm32f4_stmpe811.o
 .debug_ranges  0x000002a8       0x30 C:\Users\Seba\Desktop\inz\stm32f429i-disco_stdperiph_lib\Debug\libstm32f429i-disco_stdperiph_lib.a(misc.o)
 .debug_ranges  0x000002d8      0x148 C:\Users\Seba\Desktop\inz\stm32f429i-disco_stdperiph_lib\Debug\libstm32f429i-disco_stdperiph_lib.a(stm32f4xx_flash.o)
 .debug_ranges  0x00000420       0x78 C:\Users\Seba\Desktop\inz\stm32f429i-disco_stdperiph_lib\Debug\libstm32f429i-disco_stdperiph_lib.a(stm32f4xx_gpio.o)
 .debug_ranges  0x00000498      0x120 C:\Users\Seba\Desktop\inz\stm32f429i-disco_stdperiph_lib\Debug\libstm32f429i-disco_stdperiph_lib.a(stm32f4xx_i2c.o)
 .debug_ranges  0x000005b8      0x1a8 C:\Users\Seba\Desktop\inz\stm32f429i-disco_stdperiph_lib\Debug\libstm32f429i-disco_stdperiph_lib.a(stm32f4xx_rcc.o)
 .debug_ranges  0x00000760      0x2e8 C:\Users\Seba\Desktop\inz\stm32f429i-disco_stdperiph_lib\Debug\libstm32f429i-disco_stdperiph_lib.a(stm32f4xx_tim.o)
 .debug_ranges  0x00000a48       0x68 C:\Users\Seba\Desktop\inz\stm32f429i-disco_stdperiph_lib\Debug\libstm32f429i-disco_stdperiph_lib.a(tm_stm32f4_delay.o)
 .debug_ranges  0x00000ab0       0xd8 C:\Users\Seba\Desktop\inz\stm32f429i-disco_stdperiph_lib\Debug\libstm32f429i-disco_stdperiph_lib.a(tm_stm32f4_dma2d_graphic.o)
 .debug_ranges  0x00000b88       0x10 C:\Users\Seba\Desktop\inz\stm32f429i-disco_stdperiph_lib\Debug\libstm32f429i-disco_stdperiph_lib.a(tm_stm32f4_fonts.o)
 .debug_ranges  0x00000b98       0x88 C:\Users\Seba\Desktop\inz\stm32f429i-disco_stdperiph_lib\Debug\libstm32f429i-disco_stdperiph_lib.a(tm_stm32f4_gpio.o)
 .debug_ranges  0x00000c20      0x118 C:\Users\Seba\Desktop\inz\stm32f429i-disco_stdperiph_lib\Debug\libstm32f429i-disco_stdperiph_lib.a(tm_stm32f4_ili9341_ltdc.o)
 .debug_ranges  0x00000d38       0x20 C:\Users\Seba\Desktop\inz\stm32f429i-disco_stdperiph_lib\Debug\libstm32f429i-disco_stdperiph_lib.a(tm_stm32f4_sdram.o)
 .debug_ranges  0x00000d58       0x98 C:\Users\Seba\Desktop\inz\stm32f429i-disco_stdperiph_lib\Debug\libstm32f429i-disco_stdperiph_lib.a(tm_stm32f4_spi.o)
 .debug_ranges  0x00000df0       0x28 C:\Users\Seba\Desktop\inz\stm32f429i-disco_stdperiph_lib\Debug\libstm32f429i-disco_stdperiph_lib.a(tm_stm32f4_timer_properties.o)
 .debug_ranges  0x00000e18       0xa0 C:\Users\Seba\Desktop\inz\stm32f429i-disco_stdperiph_lib\Debug\libstm32f429i-disco_stdperiph_lib.a(stm32f4xx_dma2d.o)
 .debug_ranges  0x00000eb8       0xe0 C:\Users\Seba\Desktop\inz\stm32f429i-disco_stdperiph_lib\Debug\libstm32f429i-disco_stdperiph_lib.a(stm32f4xx_fmc.o)
 .debug_ranges  0x00000f98       0xf8 C:\Users\Seba\Desktop\inz\stm32f429i-disco_stdperiph_lib\Debug\libstm32f429i-disco_stdperiph_lib.a(stm32f4xx_ltdc.o)
 .debug_ranges  0x00001090       0xd0 C:\Users\Seba\Desktop\inz\stm32f429i-disco_stdperiph_lib\Debug\libstm32f429i-disco_stdperiph_lib.a(stm32f4xx_spi.o)

.debug_macro    0x00000000    0x16578
 .debug_macro   0x00000000      0x36e src/main.o
 .debug_macro   0x0000036e      0x892 src/main.o
 .debug_macro   0x00000c00       0x22 src/main.o
 .debug_macro   0x00000c22       0x58 src/main.o
 .debug_macro   0x00000c7a       0x22 src/main.o
 .debug_macro   0x00000c9c       0x35 src/main.o
 .debug_macro   0x00000cd1       0x9c src/main.o
 .debug_macro   0x00000d6d       0x16 src/main.o
 .debug_macro   0x00000d83      0x10e src/main.o
 .debug_macro   0x00000e91       0x7f src/main.o
 .debug_macro   0x00000f10       0x4a src/main.o
 .debug_macro   0x00000f5a       0x52 src/main.o
 .debug_macro   0x00000fac       0x16 src/main.o
 .debug_macro   0x00000fc2       0x43 src/main.o
 .debug_macro   0x00001005      0x180 src/main.o
 .debug_macro   0x00001185      0x29d src/main.o
 .debug_macro   0x00001422       0x16 src/main.o
 .debug_macro   0x00001438       0x29 src/main.o
 .debug_macro   0x00001461       0x16 src/main.o
 .debug_macro   0x00001477       0x35 src/main.o
 .debug_macro   0x000014ac       0x64 src/main.o
 .debug_macro   0x00001510       0x3b src/main.o
 .debug_macro   0x0000154b       0x1c src/main.o
 .debug_macro   0x00001567      0x1f7 src/main.o
 .debug_macro   0x0000175e       0x2d src/main.o
 .debug_macro   0x0000178b       0x42 src/main.o
 .debug_macro   0x000017cd      0xd39 src/main.o
 .debug_macro   0x00002506     0x901e src/main.o
 .debug_macro   0x0000b524       0x16 src/main.o
 .debug_macro   0x0000b53a      0x44f src/main.o
 .debug_macro   0x0000b989      0x3cf src/main.o
 .debug_macro   0x0000bd58      0x144 src/main.o
 .debug_macro   0x0000be9c      0x188 src/main.o
 .debug_macro   0x0000c024       0xb2 src/main.o
 .debug_macro   0x0000c0d6      0x149 src/main.o
 .debug_macro   0x0000c21f      0x477 src/main.o
 .debug_macro   0x0000c696       0xae src/main.o
 .debug_macro   0x0000c744      0x41c src/main.o
 .debug_macro   0x0000cb60      0x23a src/main.o
 .debug_macro   0x0000cd9a      0x21e src/main.o
 .debug_macro   0x0000cfb8      0x478 src/main.o
 .debug_macro   0x0000d430       0xc3 src/main.o
 .debug_macro   0x0000d4f3      0x2bc src/main.o
 .debug_macro   0x0000d7af      0x2bb src/main.o
 .debug_macro   0x0000da6a       0x64 src/main.o
 .debug_macro   0x0000dace       0xe7 src/main.o
 .debug_macro   0x0000dbb5      0x62f src/main.o
 .debug_macro   0x0000e1e4       0x40 src/main.o
 .debug_macro   0x0000e224      0x57b src/main.o
 .debug_macro   0x0000e79f      0x342 src/main.o
 .debug_macro   0x0000eae1      0x36c src/main.o
 .debug_macro   0x0000ee4d       0xf7 src/main.o
 .debug_macro   0x0000ef44      0x73b src/main.o
 .debug_macro   0x0000f67f      0x223 src/main.o
 .debug_macro   0x0000f8a2       0x34 src/main.o
 .debug_macro   0x0000f8d6       0x82 src/main.o
 .debug_macro   0x0000f958       0x35 src/main.o
 .debug_macro   0x0000f98d      0x17b src/main.o
 .debug_macro   0x0000fb08       0x1c src/main.o
 .debug_macro   0x0000fb24       0x8d src/main.o
 .debug_macro   0x0000fbb1       0x10 src/main.o
 .debug_macro   0x0000fbc1       0xaf src/main.o
 .debug_macro   0x0000fc70      0x11c src/main.o
 .debug_macro   0x0000fd8c       0x8f src/main.o
 .debug_macro   0x0000fe1b       0x8d src/main.o
 .debug_macro   0x0000fea8       0x35 src/main.o
 .debug_macro   0x0000fedd       0x90 src/main.o
 .debug_macro   0x0000ff6d       0x1d src/main.o
 .debug_macro   0x0000ff8a      0x1a3 src/syscalls.o
 .debug_macro   0x0001012d      0x166 src/syscalls.o
 .debug_macro   0x00010293       0x10 src/syscalls.o
 .debug_macro   0x000102a3       0x10 src/syscalls.o
 .debug_macro   0x000102b3       0x10 src/syscalls.o
 .debug_macro   0x000102c3       0x10 src/syscalls.o
 .debug_macro   0x000102d3       0x22 src/syscalls.o
 .debug_macro   0x000102f5       0xbd src/syscalls.o
 .debug_macro   0x000103b2       0x35 src/syscalls.o
 .debug_macro   0x000103e7      0x121 src/syscalls.o
 .debug_macro   0x00010508       0x10 src/syscalls.o
 .debug_macro   0x00010518      0x241 src/syscalls.o
 .debug_macro   0x00010759       0x1c src/syscalls.o
 .debug_macro   0x00010775       0x10 src/syscalls.o
 .debug_macro   0x00010785       0x16 src/syscalls.o
 .debug_macro   0x0001079b      0x196 src/syscalls.o
 .debug_macro   0x00010931      0x13e src/syscalls.o
 .debug_macro   0x00010a6f       0x16 src/syscalls.o
 .debug_macro   0x00010a85       0x22 src/syscalls.o
 .debug_macro   0x00010aa7      0x1d5 src/system_stm32f4xx.o
 .debug_macro   0x00010c7c       0x44 src/system_stm32f4xx.o
 .debug_macro   0x00010cc0      0x1ff src/tm_stm32f4_i2c.o
 .debug_macro   0x00010ebf       0x16 src/tm_stm32f4_i2c.o